{"timestamp":"2026-08-21T13:07:23.362038Z","level":"info","event":"setup plugin alembic.autogenerate.schemas","logger":"alembic.runtime.plugins","filename":"plugins.py","lineno":37}
{"timestamp":"2026-08-21T13:07:23.362192Z","level":"info","event":"setup plugin alembic.autogenerate.tables","logger":"alembic.runtime.plugins","filename":"plugins.py","lineno":37}
{"timestamp":"2026-08-21T13:07:23.362235Z","level":"info","event":"setup plugin alembic.autogenerate.types","logger":"alembic.runtime.plugins","filename":"plugins.py","lineno":37}
{"timestamp":"2026-08-21T13:07:23.362272Z","level":"info","event":"setup plugin alembic.autogenerate.constraints","logger":"alembic.runtime.plugins","filename":"plugins.py","lineno":37}
{"timestamp":"2026-08-21T13:07:23.362305Z","level":"info","event":"setup plugin alembic.autogenerate.defaults","logger":"alembic.runtime.plugins","filename":"plugins.py","lineno":37}
{"timestamp":"2026-08-21T13:07:23.362338Z","level":"info","event":"setup plugin alembic.autogenerate.comments","logger":"alembic.runtime.plugins","filename":"plugins.py","lineno":37}
{"timestamp":"2026-08-21T13:07:23.441273Z","level":"info","event":"DAG bundles loaded: dags-folder","logger":"airflow.dag_processing.bundles.manager.DagBundlesManager","filename":"manager.py","lineno":209}
{"timestamp":"2026-08-21T13:07:23.441725Z","level":"info","event":"Filling up the DagBag from /Users/prse/PycharmProjects/Airflow_Prac/dags/dag_prac6.py","logger":"airflow.dag_processing.dagbag.BundleDagBag","filename":"dagbag.py","lineno":469}
{"timestamp":"2026-08-21T13:07:23.876378Z","level":"info","event":"0     False","logger":"task.stdout"}
{"timestamp":"2026-08-21T13:07:23.876593Z","level":"info","event":"1     False","logger":"task.stdout"}
{"timestamp":"2026-08-21T13:07:23.876645Z","level":"info","event":"2     False","logger":"task.stdout"}
{"timestamp":"2026-08-21T13:07:23.876692Z","level":"info","event":"3      True","logger":"task.stdout"}
{"timestamp":"2026-08-21T13:07:23.876736Z","level":"info","event":"4     False","logger":"task.stdout"}
{"timestamp":"2026-08-21T13:07:23.876780Z","level":"info","event":"5     False","logger":"task.stdout"}
{"timestamp":"2026-08-21T13:07:23.876817Z","level":"info","event":"6     False","logger":"task.stdout"}
{"timestamp":"2026-08-21T13:07:23.876855Z","level":"info","event":"7      True","logger":"task.stdout"}
{"timestamp":"2026-08-21T13:07:23.876894Z","level":"info","event":"8     False","logger":"task.stdout"}
{"timestamp":"2026-08-21T13:07:23.876934Z","level":"info","event":"9     False","logger":"task.stdout"}
{"timestamp":"2026-08-21T13:07:23.876972Z","level":"info","event":"10    False","logger":"task.stdout"}
{"timestamp":"2026-08-21T13:07:23.877012Z","level":"info","event":"11     True","logger":"task.stdout"}
{"timestamp":"2026-08-21T13:07:23.877050Z","level":"info","event":"12    False","logger":"task.stdout"}
{"timestamp":"2026-08-21T13:07:23.877088Z","level":"info","event":"13    False","logger":"task.stdout"}
{"timestamp":"2026-08-21T13:07:23.877127Z","level":"info","event":"14    False","logger":"task.stdout"}
{"timestamp":"2026-08-21T13:07:23.877165Z","level":"info","event":"Name: category, dtype: bool","logger":"task.stdout"}
{"timestamp":"2026-08-21T13:07:23.876311Z","level":"info","event":"Done. Returned value was: None","logger":"airflow.task.operators.airflow.providers.standard.operators.python.PythonOperator","filename":"python.py","lineno":229}
