{"timestamp":"2026-08-23T23:37:11.471663Z","level":"info","event":"setup plugin alembic.autogenerate.schemas","logger":"alembic.runtime.plugins","filename":"plugins.py","lineno":37}
{"timestamp":"2026-08-23T23:37:11.471799Z","level":"info","event":"setup plugin alembic.autogenerate.tables","logger":"alembic.runtime.plugins","filename":"plugins.py","lineno":37}
{"timestamp":"2026-08-23T23:37:11.471840Z","level":"info","event":"setup plugin alembic.autogenerate.types","logger":"alembic.runtime.plugins","filename":"plugins.py","lineno":37}
{"timestamp":"2026-08-23T23:37:11.471874Z","level":"info","event":"setup plugin alembic.autogenerate.constraints","logger":"alembic.runtime.plugins","filename":"plugins.py","lineno":37}
{"timestamp":"2026-08-23T23:37:11.471906Z","level":"info","event":"setup plugin alembic.autogenerate.defaults","logger":"alembic.runtime.plugins","filename":"plugins.py","lineno":37}
{"timestamp":"2026-08-23T23:37:11.471939Z","level":"info","event":"setup plugin alembic.autogenerate.comments","logger":"alembic.runtime.plugins","filename":"plugins.py","lineno":37}
{"timestamp":"2026-08-23T23:37:11.575450Z","level":"info","event":"DAG bundles loaded: dags-folder","logger":"airflow.dag_processing.bundles.manager.DagBundlesManager","filename":"manager.py","lineno":209}
{"timestamp":"2026-08-23T23:37:11.575883Z","level":"info","event":"Filling up the DagBag from /Users/prse/PycharmProjects/Airflow_Prac/dags/dag_prac6.py","logger":"airflow.dag_processing.dagbag.BundleDagBag","filename":"dagbag.py","lineno":469}
{"timestamp":"2026-08-23T23:37:11.989911Z","level":"info","event":"0      True","logger":"task.stdout"}
{"timestamp":"2026-08-23T23:37:11.990078Z","level":"info","event":"1      True","logger":"task.stdout"}
{"timestamp":"2026-08-23T23:37:11.990133Z","level":"info","event":"2      True","logger":"task.stdout"}
{"timestamp":"2026-08-23T23:37:11.990196Z","level":"info","event":"3     False","logger":"task.stdout"}
{"timestamp":"2026-08-23T23:37:11.990243Z","level":"info","event":"4      True","logger":"task.stdout"}
{"timestamp":"2026-08-23T23:37:11.990284Z","level":"info","event":"5      True","logger":"task.stdout"}
{"timestamp":"2026-08-23T23:37:11.990325Z","level":"info","event":"6     False","logger":"task.stdout"}
{"timestamp":"2026-08-23T23:37:11.990366Z","level":"info","event":"7     False","logger":"task.stdout"}
{"timestamp":"2026-08-23T23:37:11.990405Z","level":"info","event":"8      True","logger":"task.stdout"}
{"timestamp":"2026-08-23T23:37:11.990444Z","level":"info","event":"9     False","logger":"task.stdout"}
{"timestamp":"2026-08-23T23:37:11.990483Z","level":"info","event":"10     True","logger":"task.stdout"}
{"timestamp":"2026-08-23T23:37:11.990521Z","level":"info","event":"11    False","logger":"task.stdout"}
{"timestamp":"2026-08-23T23:37:11.990560Z","level":"info","event":"12     True","logger":"task.stdout"}
{"timestamp":"2026-08-23T23:37:11.990598Z","level":"info","event":"13    False","logger":"task.stdout"}
{"timestamp":"2026-08-23T23:37:11.990636Z","level":"info","event":"14     True","logger":"task.stdout"}
{"timestamp":"2026-08-23T23:37:11.990675Z","level":"info","event":"Name: category, dtype: bool","logger":"task.stdout"}
{"timestamp":"2026-08-23T23:37:11.989855Z","level":"info","event":"Done. Returned value was: None","logger":"airflow.task.operators.airflow.providers.standard.operators.python.PythonOperator","filename":"python.py","lineno":229}
