{"timestamp":"2026-08-25T18:03:02.381588Z","level":"info","event":"setup plugin alembic.autogenerate.schemas","logger":"alembic.runtime.plugins","filename":"plugins.py","lineno":37}
{"timestamp":"2026-08-25T18:03:02.381715Z","level":"info","event":"setup plugin alembic.autogenerate.tables","logger":"alembic.runtime.plugins","filename":"plugins.py","lineno":37}
{"timestamp":"2026-08-25T18:03:02.381757Z","level":"info","event":"setup plugin alembic.autogenerate.types","logger":"alembic.runtime.plugins","filename":"plugins.py","lineno":37}
{"timestamp":"2026-08-25T18:03:02.381794Z","level":"info","event":"setup plugin alembic.autogenerate.constraints","logger":"alembic.runtime.plugins","filename":"plugins.py","lineno":37}
{"timestamp":"2026-08-25T18:03:02.381826Z","level":"info","event":"setup plugin alembic.autogenerate.defaults","logger":"alembic.runtime.plugins","filename":"plugins.py","lineno":37}
{"timestamp":"2026-08-25T18:03:02.381856Z","level":"info","event":"setup plugin alembic.autogenerate.comments","logger":"alembic.runtime.plugins","filename":"plugins.py","lineno":37}
{"timestamp":"2026-08-25T18:03:02.463794Z","level":"info","event":"DAG bundles loaded: dags-folder","logger":"airflow.dag_processing.bundles.manager.DagBundlesManager","filename":"manager.py","lineno":209}
{"timestamp":"2026-08-25T18:03:02.464247Z","level":"info","event":"Filling up the DagBag from /Users/prse/PycharmProjects/Airflow_Prac/dags/dag_prac6.py","logger":"airflow.dag_processing.dagbag.BundleDagBag","filename":"dagbag.py","lineno":469}
{"timestamp":"2026-08-25T18:03:02.883043Z","level":"info","event":"0     False","logger":"task.stdout"}
{"timestamp":"2026-08-25T18:03:02.883237Z","level":"info","event":"1     False","logger":"task.stdout"}
{"timestamp":"2026-08-25T18:03:02.883291Z","level":"info","event":"2     False","logger":"task.stdout"}
{"timestamp":"2026-08-25T18:03:02.883337Z","level":"info","event":"3     False","logger":"task.stdout"}
{"timestamp":"2026-08-25T18:03:02.883380Z","level":"info","event":"4     False","logger":"task.stdout"}
{"timestamp":"2026-08-25T18:03:02.883419Z","level":"info","event":"5     False","logger":"task.stdout"}
{"timestamp":"2026-08-25T18:03:02.883460Z","level":"info","event":"6      True","logger":"task.stdout"}
{"timestamp":"2026-08-25T18:03:02.883498Z","level":"info","event":"7     False","logger":"task.stdout"}
{"timestamp":"2026-08-25T18:03:02.883538Z","level":"info","event":"8     False","logger":"task.stdout"}
{"timestamp":"2026-08-25T18:03:02.883578Z","level":"info","event":"9      True","logger":"task.stdout"}
{"timestamp":"2026-08-25T18:03:02.883617Z","level":"info","event":"10    False","logger":"task.stdout"}
{"timestamp":"2026-08-25T18:03:02.883658Z","level":"info","event":"11    False","logger":"task.stdout"}
{"timestamp":"2026-08-25T18:03:02.883698Z","level":"info","event":"12    False","logger":"task.stdout"}
{"timestamp":"2026-08-25T18:03:02.883737Z","level":"info","event":"13     True","logger":"task.stdout"}
{"timestamp":"2026-08-25T18:03:02.883777Z","level":"info","event":"14    False","logger":"task.stdout"}
{"timestamp":"2026-08-25T18:03:02.883816Z","level":"info","event":"Name: category, dtype: bool","logger":"task.stdout"}
{"timestamp":"2026-08-25T18:03:02.882950Z","level":"info","event":"Done. Returned value was: None","logger":"airflow.task.operators.airflow.providers.standard.operators.python.PythonOperator","filename":"python.py","lineno":229}
