{"timestamp":"2026-09-07T16:21:34.290990Z","level":"info","event":"setup plugin alembic.autogenerate.schemas","logger":"alembic.runtime.plugins","filename":"plugins.py","lineno":37}
{"timestamp":"2026-09-07T16:21:34.291115Z","level":"info","event":"setup plugin alembic.autogenerate.tables","logger":"alembic.runtime.plugins","filename":"plugins.py","lineno":37}
{"timestamp":"2026-09-07T16:21:34.291157Z","level":"info","event":"setup plugin alembic.autogenerate.types","logger":"alembic.runtime.plugins","filename":"plugins.py","lineno":37}
{"timestamp":"2026-09-07T16:21:34.291193Z","level":"info","event":"setup plugin alembic.autogenerate.constraints","logger":"alembic.runtime.plugins","filename":"plugins.py","lineno":37}
{"timestamp":"2026-09-07T16:21:34.291227Z","level":"info","event":"setup plugin alembic.autogenerate.defaults","logger":"alembic.runtime.plugins","filename":"plugins.py","lineno":37}
{"timestamp":"2026-09-07T16:21:34.291257Z","level":"info","event":"setup plugin alembic.autogenerate.comments","logger":"alembic.runtime.plugins","filename":"plugins.py","lineno":37}
{"timestamp":"2026-09-07T16:21:34.372528Z","level":"info","event":"DAG bundles loaded: dags-folder","logger":"airflow.dag_processing.bundles.manager.DagBundlesManager","filename":"manager.py","lineno":209}
{"timestamp":"2026-09-07T16:21:34.372895Z","level":"info","event":"Filling up the DagBag from /Users/prse/PycharmProjects/Airflow_Prac/dags/dag_prac6.py","logger":"airflow.dag_processing.dagbag.BundleDagBag","filename":"dagbag.py","lineno":469}
{"timestamp":"2026-09-07T16:21:34.775947Z","level":"info","event":"0     False","logger":"task.stdout"}
{"timestamp":"2026-09-07T16:21:34.776181Z","level":"info","event":"1     False","logger":"task.stdout"}
{"timestamp":"2026-09-07T16:21:34.776236Z","level":"info","event":"2     False","logger":"task.stdout"}
{"timestamp":"2026-09-07T16:21:34.776281Z","level":"info","event":"3      True","logger":"task.stdout"}
{"timestamp":"2026-09-07T16:21:34.776323Z","level":"info","event":"4     False","logger":"task.stdout"}
{"timestamp":"2026-09-07T16:21:34.776369Z","level":"info","event":"5     False","logger":"task.stdout"}
{"timestamp":"2026-09-07T16:21:34.776410Z","level":"info","event":"6     False","logger":"task.stdout"}
{"timestamp":"2026-09-07T16:21:34.776450Z","level":"info","event":"7      True","logger":"task.stdout"}
{"timestamp":"2026-09-07T16:21:34.776488Z","level":"info","event":"8     False","logger":"task.stdout"}
{"timestamp":"2026-09-07T16:21:34.776527Z","level":"info","event":"9     False","logger":"task.stdout"}
{"timestamp":"2026-09-07T16:21:34.776564Z","level":"info","event":"10    False","logger":"task.stdout"}
{"timestamp":"2026-09-07T16:21:34.776602Z","level":"info","event":"11     True","logger":"task.stdout"}
{"timestamp":"2026-09-07T16:21:34.776640Z","level":"info","event":"12    False","logger":"task.stdout"}
{"timestamp":"2026-09-07T16:21:34.776677Z","level":"info","event":"13    False","logger":"task.stdout"}
{"timestamp":"2026-09-07T16:21:34.776715Z","level":"info","event":"14    False","logger":"task.stdout"}
{"timestamp":"2026-09-07T16:21:34.776752Z","level":"info","event":"Name: category, dtype: bool","logger":"task.stdout"}
{"timestamp":"2026-09-07T16:21:34.775897Z","level":"info","event":"Done. Returned value was: None","logger":"airflow.task.operators.airflow.providers.standard.operators.python.PythonOperator","filename":"python.py","lineno":229}
