{"timestamp":"2026-08-20T16:12:39.346092Z","level":"info","event":"setup plugin alembic.autogenerate.schemas","logger":"alembic.runtime.plugins","filename":"plugins.py","lineno":37}
{"timestamp":"2026-08-20T16:12:39.346221Z","level":"info","event":"setup plugin alembic.autogenerate.tables","logger":"alembic.runtime.plugins","filename":"plugins.py","lineno":37}
{"timestamp":"2026-08-20T16:12:39.346262Z","level":"info","event":"setup plugin alembic.autogenerate.types","logger":"alembic.runtime.plugins","filename":"plugins.py","lineno":37}
{"timestamp":"2026-08-20T16:12:39.346296Z","level":"info","event":"setup plugin alembic.autogenerate.constraints","logger":"alembic.runtime.plugins","filename":"plugins.py","lineno":37}
{"timestamp":"2026-08-20T16:12:39.346332Z","level":"info","event":"setup plugin alembic.autogenerate.defaults","logger":"alembic.runtime.plugins","filename":"plugins.py","lineno":37}
{"timestamp":"2026-08-20T16:12:39.346362Z","level":"info","event":"setup plugin alembic.autogenerate.comments","logger":"alembic.runtime.plugins","filename":"plugins.py","lineno":37}
{"timestamp":"2026-08-20T16:12:39.423490Z","level":"info","event":"DAG bundles loaded: dags-folder","logger":"airflow.dag_processing.bundles.manager.DagBundlesManager","filename":"manager.py","lineno":209}
{"timestamp":"2026-08-20T16:12:39.423912Z","level":"info","event":"Filling up the DagBag from /Users/prse/PycharmProjects/Airflow_Prac/dags/dag_prac6.py","logger":"airflow.dag_processing.dagbag.BundleDagBag","filename":"dagbag.py","lineno":469}
{"timestamp":"2026-08-20T16:12:39.831474Z","level":"info","event":"0      True","logger":"task.stdout"}
{"timestamp":"2026-08-20T16:12:39.831637Z","level":"info","event":"1      True","logger":"task.stdout"}
{"timestamp":"2026-08-20T16:12:39.831695Z","level":"info","event":"2      True","logger":"task.stdout"}
{"timestamp":"2026-08-20T16:12:39.831742Z","level":"info","event":"3     False","logger":"task.stdout"}
{"timestamp":"2026-08-20T16:12:39.831784Z","level":"info","event":"4      True","logger":"task.stdout"}
{"timestamp":"2026-08-20T16:12:39.831825Z","level":"info","event":"5      True","logger":"task.stdout"}
{"timestamp":"2026-08-20T16:12:39.831884Z","level":"info","event":"6     False","logger":"task.stdout"}
{"timestamp":"2026-08-20T16:12:39.831945Z","level":"info","event":"7     False","logger":"task.stdout"}
{"timestamp":"2026-08-20T16:12:39.831988Z","level":"info","event":"8      True","logger":"task.stdout"}
{"timestamp":"2026-08-20T16:12:39.832028Z","level":"info","event":"9     False","logger":"task.stdout"}
{"timestamp":"2026-08-20T16:12:39.832070Z","level":"info","event":"10     True","logger":"task.stdout"}
{"timestamp":"2026-08-20T16:12:39.832109Z","level":"info","event":"11    False","logger":"task.stdout"}
{"timestamp":"2026-08-20T16:12:39.832147Z","level":"info","event":"12     True","logger":"task.stdout"}
{"timestamp":"2026-08-20T16:12:39.832186Z","level":"info","event":"13    False","logger":"task.stdout"}
{"timestamp":"2026-08-20T16:12:39.832225Z","level":"info","event":"14     True","logger":"task.stdout"}
{"timestamp":"2026-08-20T16:12:39.832264Z","level":"info","event":"Name: category, dtype: bool","logger":"task.stdout"}
{"timestamp":"2026-08-20T16:12:39.831439Z","level":"info","event":"Done. Returned value was: None","logger":"airflow.task.operators.airflow.providers.standard.operators.python.PythonOperator","filename":"python.py","lineno":229}
