{"timestamp":"2026-08-21T13:07:06.343829Z","level":"info","event":"setup plugin alembic.autogenerate.schemas","logger":"alembic.runtime.plugins","filename":"plugins.py","lineno":37}
{"timestamp":"2026-08-21T13:07:06.343972Z","level":"info","event":"setup plugin alembic.autogenerate.tables","logger":"alembic.runtime.plugins","filename":"plugins.py","lineno":37}
{"timestamp":"2026-08-21T13:07:06.344013Z","level":"info","event":"setup plugin alembic.autogenerate.types","logger":"alembic.runtime.plugins","filename":"plugins.py","lineno":37}
{"timestamp":"2026-08-21T13:07:06.344049Z","level":"info","event":"setup plugin alembic.autogenerate.constraints","logger":"alembic.runtime.plugins","filename":"plugins.py","lineno":37}
{"timestamp":"2026-08-21T13:07:06.344087Z","level":"info","event":"setup plugin alembic.autogenerate.defaults","logger":"alembic.runtime.plugins","filename":"plugins.py","lineno":37}
{"timestamp":"2026-08-21T13:07:06.344118Z","level":"info","event":"setup plugin alembic.autogenerate.comments","logger":"alembic.runtime.plugins","filename":"plugins.py","lineno":37}
{"timestamp":"2026-08-21T13:07:06.443174Z","level":"info","event":"DAG bundles loaded: dags-folder","logger":"airflow.dag_processing.bundles.manager.DagBundlesManager","filename":"manager.py","lineno":209}
{"timestamp":"2026-08-21T13:07:06.443547Z","level":"info","event":"Filling up the DagBag from /Users/prse/PycharmProjects/Airflow_Prac/dags/dag_prac6.py","logger":"airflow.dag_processing.dagbag.BundleDagBag","filename":"dagbag.py","lineno":469}
{"timestamp":"2026-08-21T13:07:06.844781Z","level":"info","event":"0      True","logger":"task.stdout"}
{"timestamp":"2026-08-21T13:07:06.844921Z","level":"info","event":"1      True","logger":"task.stdout"}
{"timestamp":"2026-08-21T13:07:06.844969Z","level":"info","event":"2      True","logger":"task.stdout"}
{"timestamp":"2026-08-21T13:07:06.845012Z","level":"info","event":"3     False","logger":"task.stdout"}
{"timestamp":"2026-08-21T13:07:06.845053Z","level":"info","event":"4      True","logger":"task.stdout"}
{"timestamp":"2026-08-21T13:07:06.845093Z","level":"info","event":"5      True","logger":"task.stdout"}
{"timestamp":"2026-08-21T13:07:06.845134Z","level":"info","event":"6     False","logger":"task.stdout"}
{"timestamp":"2026-08-21T13:07:06.845173Z","level":"info","event":"7     False","logger":"task.stdout"}
{"timestamp":"2026-08-21T13:07:06.845211Z","level":"info","event":"8      True","logger":"task.stdout"}
{"timestamp":"2026-08-21T13:07:06.845248Z","level":"info","event":"9     False","logger":"task.stdout"}
{"timestamp":"2026-08-21T13:07:06.845286Z","level":"info","event":"10     True","logger":"task.stdout"}
{"timestamp":"2026-08-21T13:07:06.845323Z","level":"info","event":"11    False","logger":"task.stdout"}
{"timestamp":"2026-08-21T13:07:06.845361Z","level":"info","event":"12     True","logger":"task.stdout"}
{"timestamp":"2026-08-21T13:07:06.845398Z","level":"info","event":"13    False","logger":"task.stdout"}
{"timestamp":"2026-08-21T13:07:06.845434Z","level":"info","event":"14     True","logger":"task.stdout"}
{"timestamp":"2026-08-21T13:07:06.845471Z","level":"info","event":"Name: category, dtype: bool","logger":"task.stdout"}
{"timestamp":"2026-08-21T13:07:06.844754Z","level":"info","event":"Done. Returned value was: None","logger":"airflow.task.operators.airflow.providers.standard.operators.python.PythonOperator","filename":"python.py","lineno":229}
