{"timestamp":"2026-08-25T18:03:16.371314Z","level":"info","event":"setup plugin alembic.autogenerate.schemas","logger":"alembic.runtime.plugins","filename":"plugins.py","lineno":37}
{"timestamp":"2026-08-25T18:03:16.371443Z","level":"info","event":"setup plugin alembic.autogenerate.tables","logger":"alembic.runtime.plugins","filename":"plugins.py","lineno":37}
{"timestamp":"2026-08-25T18:03:16.371483Z","level":"info","event":"setup plugin alembic.autogenerate.types","logger":"alembic.runtime.plugins","filename":"plugins.py","lineno":37}
{"timestamp":"2026-08-25T18:03:16.371516Z","level":"info","event":"setup plugin alembic.autogenerate.constraints","logger":"alembic.runtime.plugins","filename":"plugins.py","lineno":37}
{"timestamp":"2026-08-25T18:03:16.371550Z","level":"info","event":"setup plugin alembic.autogenerate.defaults","logger":"alembic.runtime.plugins","filename":"plugins.py","lineno":37}
{"timestamp":"2026-08-25T18:03:16.371580Z","level":"info","event":"setup plugin alembic.autogenerate.comments","logger":"alembic.runtime.plugins","filename":"plugins.py","lineno":37}
{"timestamp":"2026-08-25T18:03:16.450097Z","level":"info","event":"DAG bundles loaded: dags-folder","logger":"airflow.dag_processing.bundles.manager.DagBundlesManager","filename":"manager.py","lineno":209}
{"timestamp":"2026-08-25T18:03:16.450465Z","level":"info","event":"Filling up the DagBag from /Users/prse/PycharmProjects/Airflow_Prac/dags/dag_prac6.py","logger":"airflow.dag_processing.dagbag.BundleDagBag","filename":"dagbag.py","lineno":469}
{"timestamp":"2026-08-25T18:03:16.828268Z","level":"info","event":"0     False","logger":"task.stdout"}
{"timestamp":"2026-08-25T18:03:16.828428Z","level":"info","event":"1     False","logger":"task.stdout"}
{"timestamp":"2026-08-25T18:03:16.828476Z","level":"info","event":"2     False","logger":"task.stdout"}
{"timestamp":"2026-08-25T18:03:16.828523Z","level":"info","event":"3     False","logger":"task.stdout"}
{"timestamp":"2026-08-25T18:03:16.828564Z","level":"info","event":"4     False","logger":"task.stdout"}
{"timestamp":"2026-08-25T18:03:16.828604Z","level":"info","event":"5     False","logger":"task.stdout"}
{"timestamp":"2026-08-25T18:03:16.828646Z","level":"info","event":"6      True","logger":"task.stdout"}
{"timestamp":"2026-08-25T18:03:16.828685Z","level":"info","event":"7     False","logger":"task.stdout"}
{"timestamp":"2026-08-25T18:03:16.828724Z","level":"info","event":"8     False","logger":"task.stdout"}
{"timestamp":"2026-08-25T18:03:16.828765Z","level":"info","event":"9      True","logger":"task.stdout"}
{"timestamp":"2026-08-25T18:03:16.828803Z","level":"info","event":"10    False","logger":"task.stdout"}
{"timestamp":"2026-08-25T18:03:16.828841Z","level":"info","event":"11    False","logger":"task.stdout"}
{"timestamp":"2026-08-25T18:03:16.828880Z","level":"info","event":"12    False","logger":"task.stdout"}
{"timestamp":"2026-08-25T18:03:16.828918Z","level":"info","event":"13     True","logger":"task.stdout"}
{"timestamp":"2026-08-25T18:03:16.828956Z","level":"info","event":"14    False","logger":"task.stdout"}
{"timestamp":"2026-08-25T18:03:16.828994Z","level":"info","event":"Name: category, dtype: bool","logger":"task.stdout"}
{"timestamp":"2026-08-25T18:03:16.828213Z","level":"info","event":"Done. Returned value was: None","logger":"airflow.task.operators.airflow.providers.standard.operators.python.PythonOperator","filename":"python.py","lineno":229}
