{"timestamp":"2026-09-07T16:21:11.771825Z","level":"info","event":"setup plugin alembic.autogenerate.schemas","logger":"alembic.runtime.plugins","filename":"plugins.py","lineno":37}
{"timestamp":"2026-09-07T16:21:11.771986Z","level":"info","event":"setup plugin alembic.autogenerate.tables","logger":"alembic.runtime.plugins","filename":"plugins.py","lineno":37}
{"timestamp":"2026-09-07T16:21:11.772032Z","level":"info","event":"setup plugin alembic.autogenerate.types","logger":"alembic.runtime.plugins","filename":"plugins.py","lineno":37}
{"timestamp":"2026-09-07T16:21:11.772071Z","level":"info","event":"setup plugin alembic.autogenerate.constraints","logger":"alembic.runtime.plugins","filename":"plugins.py","lineno":37}
{"timestamp":"2026-09-07T16:21:11.772106Z","level":"info","event":"setup plugin alembic.autogenerate.defaults","logger":"alembic.runtime.plugins","filename":"plugins.py","lineno":37}
{"timestamp":"2026-09-07T16:21:11.772139Z","level":"info","event":"setup plugin alembic.autogenerate.comments","logger":"alembic.runtime.plugins","filename":"plugins.py","lineno":37}
{"timestamp":"2026-09-07T16:21:11.877011Z","level":"info","event":"DAG bundles loaded: dags-folder","logger":"airflow.dag_processing.bundles.manager.DagBundlesManager","filename":"manager.py","lineno":209}
{"timestamp":"2026-09-07T16:21:11.877408Z","level":"info","event":"Filling up the DagBag from /Users/prse/PycharmProjects/Airflow_Prac/dags/dag_prac6.py","logger":"airflow.dag_processing.dagbag.BundleDagBag","filename":"dagbag.py","lineno":469}
{"timestamp":"2026-09-07T16:21:12.269559Z","level":"info","event":"0      True","logger":"task.stdout"}
{"timestamp":"2026-09-07T16:21:12.269711Z","level":"info","event":"1      True","logger":"task.stdout"}
{"timestamp":"2026-09-07T16:21:12.269763Z","level":"info","event":"2      True","logger":"task.stdout"}
{"timestamp":"2026-09-07T16:21:12.269806Z","level":"info","event":"3     False","logger":"task.stdout"}
{"timestamp":"2026-09-07T16:21:12.269848Z","level":"info","event":"4      True","logger":"task.stdout"}
{"timestamp":"2026-09-07T16:21:12.269888Z","level":"info","event":"5      True","logger":"task.stdout"}
{"timestamp":"2026-09-07T16:21:12.269932Z","level":"info","event":"6     False","logger":"task.stdout"}
{"timestamp":"2026-09-07T16:21:12.269990Z","level":"info","event":"7     False","logger":"task.stdout"}
{"timestamp":"2026-09-07T16:21:12.270028Z","level":"info","event":"8      True","logger":"task.stdout"}
{"timestamp":"2026-09-07T16:21:12.270066Z","level":"info","event":"9     False","logger":"task.stdout"}
{"timestamp":"2026-09-07T16:21:12.270104Z","level":"info","event":"10     True","logger":"task.stdout"}
{"timestamp":"2026-09-07T16:21:12.270142Z","level":"info","event":"11    False","logger":"task.stdout"}
{"timestamp":"2026-09-07T16:21:12.270181Z","level":"info","event":"12     True","logger":"task.stdout"}
{"timestamp":"2026-09-07T16:21:12.270219Z","level":"info","event":"13    False","logger":"task.stdout"}
{"timestamp":"2026-09-07T16:21:12.270256Z","level":"info","event":"14     True","logger":"task.stdout"}
{"timestamp":"2026-09-07T16:21:12.270294Z","level":"info","event":"Name: category, dtype: bool","logger":"task.stdout"}
{"timestamp":"2026-09-07T16:21:12.269515Z","level":"info","event":"Done. Returned value was: None","logger":"airflow.task.operators.airflow.providers.standard.operators.python.PythonOperator","filename":"python.py","lineno":229}
