{"timestamp":"2026-08-23T23:37:46.797124Z","level":"info","event":"setup plugin alembic.autogenerate.schemas","logger":"alembic.runtime.plugins","filename":"plugins.py","lineno":37}
{"timestamp":"2026-08-23T23:37:46.797258Z","level":"info","event":"setup plugin alembic.autogenerate.tables","logger":"alembic.runtime.plugins","filename":"plugins.py","lineno":37}
{"timestamp":"2026-08-23T23:37:46.797300Z","level":"info","event":"setup plugin alembic.autogenerate.types","logger":"alembic.runtime.plugins","filename":"plugins.py","lineno":37}
{"timestamp":"2026-08-23T23:37:46.797334Z","level":"info","event":"setup plugin alembic.autogenerate.constraints","logger":"alembic.runtime.plugins","filename":"plugins.py","lineno":37}
{"timestamp":"2026-08-23T23:37:46.797367Z","level":"info","event":"setup plugin alembic.autogenerate.defaults","logger":"alembic.runtime.plugins","filename":"plugins.py","lineno":37}
{"timestamp":"2026-08-23T23:37:46.797398Z","level":"info","event":"setup plugin alembic.autogenerate.comments","logger":"alembic.runtime.plugins","filename":"plugins.py","lineno":37}
{"timestamp":"2026-08-23T23:37:46.877169Z","level":"info","event":"DAG bundles loaded: dags-folder","logger":"airflow.dag_processing.bundles.manager.DagBundlesManager","filename":"manager.py","lineno":209}
{"timestamp":"2026-08-23T23:37:46.877599Z","level":"info","event":"Filling up the DagBag from /Users/prse/PycharmProjects/Airflow_Prac/dags/dag_prac6.py","logger":"airflow.dag_processing.dagbag.BundleDagBag","filename":"dagbag.py","lineno":469}
{"timestamp":"2026-08-23T23:37:47.287630Z","level":"info","event":"0     False","logger":"task.stdout"}
{"timestamp":"2026-08-23T23:37:47.287787Z","level":"info","event":"1     False","logger":"task.stdout"}
{"timestamp":"2026-08-23T23:37:47.287841Z","level":"info","event":"2     False","logger":"task.stdout"}
{"timestamp":"2026-08-23T23:37:47.287915Z","level":"info","event":"3     False","logger":"task.stdout"}
{"timestamp":"2026-08-23T23:37:47.287960Z","level":"info","event":"4     False","logger":"task.stdout"}
{"timestamp":"2026-08-23T23:37:47.288001Z","level":"info","event":"5     False","logger":"task.stdout"}
{"timestamp":"2026-08-23T23:37:47.288042Z","level":"info","event":"6      True","logger":"task.stdout"}
{"timestamp":"2026-08-23T23:37:47.288086Z","level":"info","event":"7     False","logger":"task.stdout"}
{"timestamp":"2026-08-23T23:37:47.288125Z","level":"info","event":"8     False","logger":"task.stdout"}
{"timestamp":"2026-08-23T23:37:47.288165Z","level":"info","event":"9      True","logger":"task.stdout"}
{"timestamp":"2026-08-23T23:37:47.288204Z","level":"info","event":"10    False","logger":"task.stdout"}
{"timestamp":"2026-08-23T23:37:47.288242Z","level":"info","event":"11    False","logger":"task.stdout"}
{"timestamp":"2026-08-23T23:37:47.288281Z","level":"info","event":"12    False","logger":"task.stdout"}
{"timestamp":"2026-08-23T23:37:47.288320Z","level":"info","event":"13     True","logger":"task.stdout"}
{"timestamp":"2026-08-23T23:37:47.288359Z","level":"info","event":"14    False","logger":"task.stdout"}
{"timestamp":"2026-08-23T23:37:47.288398Z","level":"info","event":"Name: category, dtype: bool","logger":"task.stdout"}
{"timestamp":"2026-08-23T23:37:47.287576Z","level":"info","event":"Done. Returned value was: None","logger":"airflow.task.operators.airflow.providers.standard.operators.python.PythonOperator","filename":"python.py","lineno":229}
