{"timestamp":"2026-08-25T18:59:13.713164Z","level":"info","event":"setup plugin alembic.autogenerate.schemas","logger":"alembic.runtime.plugins","filename":"plugins.py","lineno":37}
{"timestamp":"2026-08-25T18:59:13.713367Z","level":"info","event":"setup plugin alembic.autogenerate.tables","logger":"alembic.runtime.plugins","filename":"plugins.py","lineno":37}
{"timestamp":"2026-08-25T18:59:13.713411Z","level":"info","event":"setup plugin alembic.autogenerate.types","logger":"alembic.runtime.plugins","filename":"plugins.py","lineno":37}
{"timestamp":"2026-08-25T18:59:13.713446Z","level":"info","event":"setup plugin alembic.autogenerate.constraints","logger":"alembic.runtime.plugins","filename":"plugins.py","lineno":37}
{"timestamp":"2026-08-25T18:59:13.713482Z","level":"info","event":"setup plugin alembic.autogenerate.defaults","logger":"alembic.runtime.plugins","filename":"plugins.py","lineno":37}
{"timestamp":"2026-08-25T18:59:13.713514Z","level":"info","event":"setup plugin alembic.autogenerate.comments","logger":"alembic.runtime.plugins","filename":"plugins.py","lineno":37}
{"timestamp":"2026-08-25T18:59:13.814716Z","level":"info","event":"DAG bundles loaded: dags-folder","logger":"airflow.dag_processing.bundles.manager.DagBundlesManager","filename":"manager.py","lineno":209}
{"timestamp":"2026-08-25T18:59:13.815122Z","level":"info","event":"Filling up the DagBag from /Users/prse/PycharmProjects/Airflow_Prac/dags/Ladv7.py","logger":"airflow.dag_processing.dagbag.BundleDagBag","filename":"dagbag.py","lineno":469}
{"timestamp":"2026-08-25T18:59:14.247695Z","level":"info","event":"esc status data is    True ticket_id customer_id  ... agent_id   region satisfaction_score","logger":"task.stdout"}
{"timestamp":"2026-08-25T18:59:14.247867Z","level":"info","event":"0     1  TKT-1002    CUST-111  ...     A101    North                NaN","logger":"task.stdout"}
{"timestamp":"2026-08-25T18:59:14.247920Z","level":"info","event":"1     3  TKT-1004    CUST-153  ...     A105     East                NaN","logger":"task.stdout"}
{"timestamp":"2026-08-25T18:59:14.247975Z","level":"info","event":"2     7  TKT-1008    CUST-146  ...     A106    North                NaN","logger":"task.stdout"}
{"timestamp":"2026-08-25T18:59:14.248015Z","level":"info","event":"3    11  TKT-1012    CUST-128  ...     A102    North                NaN","logger":"task.stdout"}
{"timestamp":"2026-08-25T18:59:14.248089Z","level":"info","event":"4    14  TKT-1015    CUST-154  ...     A103    South                NaN","logger":"task.stdout"}
{"timestamp":"2026-08-25T18:59:14.248128Z","level":"info","event":"5    33  TKT-1034    CUST-184  ...     A102     East                NaN","logger":"task.stdout"}
{"timestamp":"2026-08-25T18:59:14.248167Z","level":"info","event":"6    34  TKT-1035    CUST-194  ...     A106     East                NaN","logger":"task.stdout"}
{"timestamp":"2026-08-25T18:59:14.248205Z","level":"info","event":"7    35  TKT-1036    CUST-161  ...     A101  Central                NaN","logger":"task.stdout"}
{"timestamp":"2026-08-25T18:59:14.248245Z","level":"info","event":"8    38  TKT-1039    CUST-172  ...     A103    South                NaN","logger":"task.stdout"}
{"timestamp":"2026-08-25T18:59:14.248284Z","level":"info","event":"","logger":"task.stdout"}
{"timestamp":"2026-08-25T18:59:14.248323Z","level":"info","event":"[9 rows x 11 columns] and file_path is /Users/prse/PycharmProjects/Airflow_Prac/data/escalated.csv","logger":"task.stdout"}
{"timestamp":"2026-08-25T18:59:14.247606Z","level":"info","event":"Done. Returned value was: None","logger":"airflow.task.operators.airflow.providers.standard.decorators.python._PythonDecoratedOperator","filename":"python.py","lineno":229}
