{"timestamp":"2026-08-25T18:02:23.972677Z","level":"info","event":"setup plugin alembic.autogenerate.schemas","logger":"alembic.runtime.plugins","filename":"plugins.py","lineno":37}
{"timestamp":"2026-08-25T18:02:23.972814Z","level":"info","event":"setup plugin alembic.autogenerate.tables","logger":"alembic.runtime.plugins","filename":"plugins.py","lineno":37}
{"timestamp":"2026-08-25T18:02:23.972859Z","level":"info","event":"setup plugin alembic.autogenerate.types","logger":"alembic.runtime.plugins","filename":"plugins.py","lineno":37}
{"timestamp":"2026-08-25T18:02:23.972894Z","level":"info","event":"setup plugin alembic.autogenerate.constraints","logger":"alembic.runtime.plugins","filename":"plugins.py","lineno":37}
{"timestamp":"2026-08-25T18:02:23.972928Z","level":"info","event":"setup plugin alembic.autogenerate.defaults","logger":"alembic.runtime.plugins","filename":"plugins.py","lineno":37}
{"timestamp":"2026-08-25T18:02:23.972961Z","level":"info","event":"setup plugin alembic.autogenerate.comments","logger":"alembic.runtime.plugins","filename":"plugins.py","lineno":37}
{"timestamp":"2026-08-25T18:02:24.074122Z","level":"info","event":"DAG bundles loaded: dags-folder","logger":"airflow.dag_processing.bundles.manager.DagBundlesManager","filename":"manager.py","lineno":209}
{"timestamp":"2026-08-25T18:02:24.074511Z","level":"info","event":"Filling up the DagBag from /Users/prse/PycharmProjects/Airflow_Prac/dags/dag_prac6.py","logger":"airflow.dag_processing.dagbag.BundleDagBag","filename":"dagbag.py","lineno":469}
{"timestamp":"2026-08-25T18:02:24.465382Z","level":"info","event":"0      True","logger":"task.stdout"}
{"timestamp":"2026-08-25T18:02:24.465562Z","level":"info","event":"1      True","logger":"task.stdout"}
{"timestamp":"2026-08-25T18:02:24.465634Z","level":"info","event":"2      True","logger":"task.stdout"}
{"timestamp":"2026-08-25T18:02:24.465702Z","level":"info","event":"3     False","logger":"task.stdout"}
{"timestamp":"2026-08-25T18:02:24.465746Z","level":"info","event":"4      True","logger":"task.stdout"}
{"timestamp":"2026-08-25T18:02:24.465787Z","level":"info","event":"5      True","logger":"task.stdout"}
{"timestamp":"2026-08-25T18:02:24.465828Z","level":"info","event":"6     False","logger":"task.stdout"}
{"timestamp":"2026-08-25T18:02:24.465869Z","level":"info","event":"7     False","logger":"task.stdout"}
{"timestamp":"2026-08-25T18:02:24.465910Z","level":"info","event":"8      True","logger":"task.stdout"}
{"timestamp":"2026-08-25T18:02:24.465951Z","level":"info","event":"9     False","logger":"task.stdout"}
{"timestamp":"2026-08-25T18:02:24.465990Z","level":"info","event":"10     True","logger":"task.stdout"}
{"timestamp":"2026-08-25T18:02:24.466028Z","level":"info","event":"11    False","logger":"task.stdout"}
{"timestamp":"2026-08-25T18:02:24.466066Z","level":"info","event":"12     True","logger":"task.stdout"}
{"timestamp":"2026-08-25T18:02:24.466105Z","level":"info","event":"13    False","logger":"task.stdout"}
{"timestamp":"2026-08-25T18:02:24.466144Z","level":"info","event":"14     True","logger":"task.stdout"}
{"timestamp":"2026-08-25T18:02:24.466183Z","level":"info","event":"Name: category, dtype: bool","logger":"task.stdout"}
{"timestamp":"2026-08-25T18:02:24.465395Z","level":"info","event":"Done. Returned value was: None","logger":"airflow.task.operators.airflow.providers.standard.operators.python.PythonOperator","filename":"python.py","lineno":229}
