{"timestamp":"2026-08-25T18:54:54.004281Z","level":"info","event":"setup plugin alembic.autogenerate.schemas","logger":"alembic.runtime.plugins","filename":"plugins.py","lineno":37}
{"timestamp":"2026-08-25T18:54:54.004450Z","level":"info","event":"setup plugin alembic.autogenerate.tables","logger":"alembic.runtime.plugins","filename":"plugins.py","lineno":37}
{"timestamp":"2026-08-25T18:54:54.004501Z","level":"info","event":"setup plugin alembic.autogenerate.types","logger":"alembic.runtime.plugins","filename":"plugins.py","lineno":37}
{"timestamp":"2026-08-25T18:54:54.004541Z","level":"info","event":"setup plugin alembic.autogenerate.constraints","logger":"alembic.runtime.plugins","filename":"plugins.py","lineno":37}
{"timestamp":"2026-08-25T18:54:54.004576Z","level":"info","event":"setup plugin alembic.autogenerate.defaults","logger":"alembic.runtime.plugins","filename":"plugins.py","lineno":37}
{"timestamp":"2026-08-25T18:54:54.004610Z","level":"info","event":"setup plugin alembic.autogenerate.comments","logger":"alembic.runtime.plugins","filename":"plugins.py","lineno":37}
{"timestamp":"2026-08-25T18:54:54.144973Z","level":"info","event":"DAG bundles loaded: dags-folder","logger":"airflow.dag_processing.bundles.manager.DagBundlesManager","filename":"manager.py","lineno":209}
{"timestamp":"2026-08-25T18:54:54.145344Z","level":"info","event":"Filling up the DagBag from /Users/prse/PycharmProjects/Airflow_Prac/dags/Ladv8.py","logger":"airflow.dag_processing.dagbag.BundleDagBag","filename":"dagbag.py","lineno":469}
{"timestamp":"2026-08-25T18:54:54.589412Z","level":"info","event":"   ticket_id customer_id   category  ...   region satisfaction_score is_critical","logger":"task.stdout"}
{"timestamp":"2026-08-25T18:54:54.589598Z","level":"info","event":"0   TKT-1001    CUST-194    Account  ...    South                NaN       False","logger":"task.stdout"}
{"timestamp":"2026-08-25T18:54:54.589656Z","level":"info","event":"1   TKT-1002    CUST-111    Product  ...    North                NaN       False","logger":"task.stdout"}
{"timestamp":"2026-08-25T18:54:54.589700Z","level":"info","event":"2   TKT-1003    CUST-164    Product  ...    South                NaN       False","logger":"task.stdout"}
{"timestamp":"2026-08-25T18:54:54.589740Z","level":"info","event":"3   TKT-1004    CUST-153  Technical  ...     East                NaN       False","logger":"task.stdout"}
{"timestamp":"2026-08-25T18:54:54.589779Z","level":"info","event":"4   TKT-1005    CUST-189   Shipping  ...    South                NaN       False","logger":"task.stdout"}
{"timestamp":"2026-08-25T18:54:54.589816Z","level":"info","event":"5   TKT-1006    CUST-111   Shipping  ...     East                NaN       False","logger":"task.stdout"}
{"timestamp":"2026-08-25T18:54:54.589852Z","level":"info","event":"6   TKT-1007    CUST-193   Shipping  ...    North                NaN       False","logger":"task.stdout"}
{"timestamp":"2026-08-25T18:54:54.589892Z","level":"info","event":"7   TKT-1008    CUST-146    Product  ...    North                NaN       False","logger":"task.stdout"}
{"timestamp":"2026-08-25T18:54:54.589929Z","level":"info","event":"8   TKT-1009    CUST-198    Account  ...    North                NaN       False","logger":"task.stdout"}
{"timestamp":"2026-08-25T18:54:54.589970Z","level":"info","event":"9   TKT-1010    CUST-120    Account  ...     East                1.0       False","logger":"task.stdout"}
{"timestamp":"2026-08-25T18:54:54.590007Z","level":"info","event":"10  TKT-1011    CUST-168  Technical  ...     West                NaN       False","logger":"task.stdout"}
{"timestamp":"2026-08-25T18:54:54.590069Z","level":"info","event":"11  TKT-1012    CUST-128    Account  ...    North                NaN       False","logger":"task.stdout"}
{"timestamp":"2026-08-25T18:54:54.590105Z","level":"info","event":"12  TKT-1013    CUST-108  Technical  ...     West                4.0       False","logger":"task.stdout"}
{"timestamp":"2026-08-25T18:54:54.590141Z","level":"info","event":"13  TKT-1014    CUST-133  Technical  ...  Central                5.0       False","logger":"task.stdout"}
{"timestamp":"2026-08-25T18:54:54.590187Z","level":"info","event":"14  TKT-1015    CUST-154    Product  ...    South                NaN       False","logger":"task.stdout"}
{"timestamp":"2026-08-25T18:54:54.590222Z","level":"info","event":"15  TKT-1016    CUST-196    Billing  ...    South                4.0       False","logger":"task.stdout"}
{"timestamp":"2026-08-25T18:54:54.590256Z","level":"info","event":"16  TKT-1017    CUST-176   Shipping  ...    North                1.0       False","logger":"task.stdout"}
{"timestamp":"2026-08-25T18:54:54.590291Z","level":"info","event":"17  TKT-1018    CUST-114    Account  ...     West                1.0       False","logger":"task.stdout"}
{"timestamp":"2026-08-25T18:54:54.590325Z","level":"info","event":"18  TKT-1019    CUST-197  Technical  ...     East                5.0       False","logger":"task.stdout"}
{"timestamp":"2026-08-25T18:54:54.590359Z","level":"info","event":"19  TKT-1020    CUST-147  Technical  ...     East                NaN       False","logger":"task.stdout"}
{"timestamp":"2026-08-25T18:54:54.590393Z","level":"info","event":"20  TKT-1021    CUST-146    Account  ...    South                NaN       False","logger":"task.stdout"}
{"timestamp":"2026-08-25T18:54:54.590427Z","level":"info","event":"21  TKT-1022    CUST-110   Shipping  ...    South                NaN       False","logger":"task.stdout"}
{"timestamp":"2026-08-25T18:54:54.590465Z","level":"info","event":"22  TKT-1023    CUST-121    Account  ...  Central                2.0       False","logger":"task.stdout"}
{"timestamp":"2026-08-25T18:54:54.590500Z","level":"info","event":"23  TKT-1024    CUST-156    Product  ...    South                2.0       False","logger":"task.stdout"}
{"timestamp":"2026-08-25T18:54:54.590534Z","level":"info","event":"24  TKT-1025    CUST-175    Product  ...    South                NaN       False","logger":"task.stdout"}
{"timestamp":"2026-08-25T18:54:54.590567Z","level":"info","event":"25  TKT-1026    CUST-129    Billing  ...    North                NaN       False","logger":"task.stdout"}
{"timestamp":"2026-08-25T18:54:54.590601Z","level":"info","event":"26  TKT-1027    CUST-127    Product  ...  Central                5.0       False","logger":"task.stdout"}
{"timestamp":"2026-08-25T18:54:54.590635Z","level":"info","event":"27  TKT-1028    CUST-124    Billing  ...     West                3.0       False","logger":"task.stdout"}
{"timestamp":"2026-08-25T18:54:54.590670Z","level":"info","event":"28  TKT-1029    CUST-186    Billing  ...     East                1.0       False","logger":"task.stdout"}
{"timestamp":"2026-08-25T18:54:54.590704Z","level":"info","event":"29  TKT-1030    CUST-168   Shipping  ...    South                NaN       False","logger":"task.stdout"}
{"timestamp":"2026-08-25T18:54:54.590739Z","level":"info","event":"30  TKT-1031    CUST-109   Shipping  ...  Central                NaN       False","logger":"task.stdout"}
{"timestamp":"2026-08-25T18:54:54.590772Z","level":"info","event":"31  TKT-1032    CUST-196  Technical  ...     West                NaN       False","logger":"task.stdout"}
{"timestamp":"2026-08-25T18:54:54.590808Z","level":"info","event":"32  TKT-1033    CUST-121   Shipping  ...     East                4.0       False","logger":"task.stdout"}
{"timestamp":"2026-08-25T18:54:54.590842Z","level":"info","event":"33  TKT-1034    CUST-184   Shipping  ...     East                NaN       False","logger":"task.stdout"}
{"timestamp":"2026-08-25T18:54:54.590875Z","level":"info","event":"34  TKT-1035    CUST-194    Product  ...     East                NaN       False","logger":"task.stdout"}
{"timestamp":"2026-08-25T18:54:54.590911Z","level":"info","event":"35  TKT-1036    CUST-161    Product  ...  Central                NaN       False","logger":"task.stdout"}
{"timestamp":"2026-08-25T18:54:54.590947Z","level":"info","event":"36  TKT-1037    CUST-176    Billing  ...    North                NaN       False","logger":"task.stdout"}
{"timestamp":"2026-08-25T18:54:54.590982Z","level":"info","event":"37  TKT-1038    CUST-174    Product  ...    North                NaN       False","logger":"task.stdout"}
{"timestamp":"2026-08-25T18:54:54.591020Z","level":"info","event":"38  TKT-1039    CUST-172    Product  ...    South                NaN       False","logger":"task.stdout"}
{"timestamp":"2026-08-25T18:54:54.591054Z","level":"info","event":"39  TKT-1040    CUST-133   Shipping  ...     East                4.0       False","logger":"task.stdout"}
{"timestamp":"2026-08-25T18:54:54.591087Z","level":"info","event":"","logger":"task.stdout"}
{"timestamp":"2026-08-25T18:54:54.591122Z","level":"info","event":"[40 rows x 11 columns]","logger":"task.stdout"}
{"timestamp":"2026-08-25T18:54:54.593321Z","level":"info","event":"Done. Returned value was: ('/Users/prse/PycharmProjects/Airflow_Prac/data/cleaned_tickets.csv', 0)","logger":"airflow.task.operators.airflow.providers.standard.decorators.python._PythonDecoratedOperator","filename":"python.py","lineno":229}
{"timestamp":"2026-08-25T18:54:54.593517Z","level":"info","event":"Pushing xcom","ti":"RuntimeTaskInstance(id=UUID('01a03a46-5d3a-7820-9f22-afaf159fe776'), task_id='enrich', dag_id='full_taskflow_logic', run_id='manual__2026-08-25T18:54:45.019377+00:00', try_number=1, dag_version_id=UUID('01a03a45-7855-7078-a4ab-ce0206eac07e'), map_index=-1, hostname='priyankas-macbook-air.home', context_carrier={'traceparent': '00-8987b0aff858753abae581bd07faeb8c-76b366ee6e551a61-01'}, task=<Task(_PythonDecoratedOperator): enrich>, bundle_instance=LocalDagBundle(name=dags-folder), max_tries=0, start_date=datetime.datetime(2026, 8, 25, 18, 54, 53, 857044, tzinfo=datetime.timezone.utc), end_date=None, state=<TaskInstanceState.RUNNING: 'running'>, is_mapped=False, rendered_map_index=None, sentry_integration='')","logger":"task","filename":"task_runner.py","lineno":1724}
