{"timestamp":"2026-08-21T13:07:33.322097Z","level":"info","event":"setup plugin alembic.autogenerate.schemas","logger":"alembic.runtime.plugins","filename":"plugins.py","lineno":37}
{"timestamp":"2026-08-21T13:07:33.322232Z","level":"info","event":"setup plugin alembic.autogenerate.tables","logger":"alembic.runtime.plugins","filename":"plugins.py","lineno":37}
{"timestamp":"2026-08-21T13:07:33.322273Z","level":"info","event":"setup plugin alembic.autogenerate.types","logger":"alembic.runtime.plugins","filename":"plugins.py","lineno":37}
{"timestamp":"2026-08-21T13:07:33.322307Z","level":"info","event":"setup plugin alembic.autogenerate.constraints","logger":"alembic.runtime.plugins","filename":"plugins.py","lineno":37}
{"timestamp":"2026-08-21T13:07:33.322338Z","level":"info","event":"setup plugin alembic.autogenerate.defaults","logger":"alembic.runtime.plugins","filename":"plugins.py","lineno":37}
{"timestamp":"2026-08-21T13:07:33.322368Z","level":"info","event":"setup plugin alembic.autogenerate.comments","logger":"alembic.runtime.plugins","filename":"plugins.py","lineno":37}
{"timestamp":"2026-08-21T13:07:33.398726Z","level":"info","event":"DAG bundles loaded: dags-folder","logger":"airflow.dag_processing.bundles.manager.DagBundlesManager","filename":"manager.py","lineno":209}
{"timestamp":"2026-08-21T13:07:33.399142Z","level":"info","event":"Filling up the DagBag from /Users/prse/PycharmProjects/Airflow_Prac/dags/dag_prac6.py","logger":"airflow.dag_processing.dagbag.BundleDagBag","filename":"dagbag.py","lineno":469}
{"timestamp":"2026-08-21T13:07:33.797296Z","level":"info","event":"0     False","logger":"task.stdout"}
{"timestamp":"2026-08-21T13:07:33.797647Z","level":"info","event":"1     False","logger":"task.stdout"}
{"timestamp":"2026-08-21T13:07:33.797752Z","level":"info","event":"2     False","logger":"task.stdout"}
{"timestamp":"2026-08-21T13:07:33.797802Z","level":"info","event":"3     False","logger":"task.stdout"}
{"timestamp":"2026-08-21T13:07:33.797846Z","level":"info","event":"4     False","logger":"task.stdout"}
{"timestamp":"2026-08-21T13:07:33.797884Z","level":"info","event":"5     False","logger":"task.stdout"}
{"timestamp":"2026-08-21T13:07:33.797921Z","level":"info","event":"6      True","logger":"task.stdout"}
{"timestamp":"2026-08-21T13:07:33.797961Z","level":"info","event":"7     False","logger":"task.stdout"}
{"timestamp":"2026-08-21T13:07:33.797997Z","level":"info","event":"8     False","logger":"task.stdout"}
{"timestamp":"2026-08-21T13:07:33.798033Z","level":"info","event":"9      True","logger":"task.stdout"}
{"timestamp":"2026-08-21T13:07:33.798071Z","level":"info","event":"10    False","logger":"task.stdout"}
{"timestamp":"2026-08-21T13:07:33.798189Z","level":"info","event":"11    False","logger":"task.stdout"}
{"timestamp":"2026-08-21T13:07:33.798238Z","level":"info","event":"12    False","logger":"task.stdout"}
{"timestamp":"2026-08-21T13:07:33.798280Z","level":"info","event":"13     True","logger":"task.stdout"}
{"timestamp":"2026-08-21T13:07:33.798352Z","level":"info","event":"14    False","logger":"task.stdout"}
{"timestamp":"2026-08-21T13:07:33.798393Z","level":"info","event":"Name: category, dtype: bool","logger":"task.stdout"}
{"timestamp":"2026-08-21T13:07:33.797170Z","level":"info","event":"Done. Returned value was: None","logger":"airflow.task.operators.airflow.providers.standard.operators.python.PythonOperator","filename":"python.py","lineno":229}
