{"timestamp":"2026-08-20T16:17:00.730169Z","level":"info","event":"setup plugin alembic.autogenerate.schemas","logger":"alembic.runtime.plugins","filename":"plugins.py","lineno":37}
{"timestamp":"2026-08-20T16:17:00.730310Z","level":"info","event":"setup plugin alembic.autogenerate.tables","logger":"alembic.runtime.plugins","filename":"plugins.py","lineno":37}
{"timestamp":"2026-08-20T16:17:00.730357Z","level":"info","event":"setup plugin alembic.autogenerate.types","logger":"alembic.runtime.plugins","filename":"plugins.py","lineno":37}
{"timestamp":"2026-08-20T16:17:00.730395Z","level":"info","event":"setup plugin alembic.autogenerate.constraints","logger":"alembic.runtime.plugins","filename":"plugins.py","lineno":37}
{"timestamp":"2026-08-20T16:17:00.730429Z","level":"info","event":"setup plugin alembic.autogenerate.defaults","logger":"alembic.runtime.plugins","filename":"plugins.py","lineno":37}
{"timestamp":"2026-08-20T16:17:00.730463Z","level":"info","event":"setup plugin alembic.autogenerate.comments","logger":"alembic.runtime.plugins","filename":"plugins.py","lineno":37}
{"timestamp":"2026-08-20T16:17:00.811829Z","level":"info","event":"DAG bundles loaded: dags-folder","logger":"airflow.dag_processing.bundles.manager.DagBundlesManager","filename":"manager.py","lineno":209}
{"timestamp":"2026-08-20T16:17:00.812270Z","level":"info","event":"Filling up the DagBag from /Users/prse/PycharmProjects/Airflow_Prac/dags/dag_prac6.py","logger":"airflow.dag_processing.dagbag.BundleDagBag","filename":"dagbag.py","lineno":469}
{"timestamp":"2026-08-20T16:17:01.239824Z","level":"info","event":"0     False","logger":"task.stdout"}
{"timestamp":"2026-08-20T16:17:01.239983Z","level":"info","event":"1     False","logger":"task.stdout"}
{"timestamp":"2026-08-20T16:17:01.240033Z","level":"info","event":"2     False","logger":"task.stdout"}
{"timestamp":"2026-08-20T16:17:01.240077Z","level":"info","event":"3     False","logger":"task.stdout"}
{"timestamp":"2026-08-20T16:17:01.240119Z","level":"info","event":"4     False","logger":"task.stdout"}
{"timestamp":"2026-08-20T16:17:01.240162Z","level":"info","event":"5     False","logger":"task.stdout"}
{"timestamp":"2026-08-20T16:17:01.240203Z","level":"info","event":"6      True","logger":"task.stdout"}
{"timestamp":"2026-08-20T16:17:01.240243Z","level":"info","event":"7     False","logger":"task.stdout"}
{"timestamp":"2026-08-20T16:17:01.240285Z","level":"info","event":"8     False","logger":"task.stdout"}
{"timestamp":"2026-08-20T16:17:01.240325Z","level":"info","event":"9      True","logger":"task.stdout"}
{"timestamp":"2026-08-20T16:17:01.240367Z","level":"info","event":"10    False","logger":"task.stdout"}
{"timestamp":"2026-08-20T16:17:01.240405Z","level":"info","event":"11    False","logger":"task.stdout"}
{"timestamp":"2026-08-20T16:17:01.240446Z","level":"info","event":"12    False","logger":"task.stdout"}
{"timestamp":"2026-08-20T16:17:01.240485Z","level":"info","event":"13     True","logger":"task.stdout"}
{"timestamp":"2026-08-20T16:17:01.240524Z","level":"info","event":"14    False","logger":"task.stdout"}
{"timestamp":"2026-08-20T16:17:01.240565Z","level":"info","event":"Name: category, dtype: bool","logger":"task.stdout"}
{"timestamp":"2026-08-20T16:17:01.239729Z","level":"info","event":"Done. Returned value was: None","logger":"airflow.task.operators.airflow.providers.standard.operators.python.PythonOperator","filename":"python.py","lineno":229}
