{"timestamp":"2026-08-25T18:02:23.312964Z","level":"info","event":"setup plugin alembic.autogenerate.schemas","logger":"alembic.runtime.plugins","filename":"plugins.py","lineno":37}
{"timestamp":"2026-08-25T18:02:23.313100Z","level":"info","event":"setup plugin alembic.autogenerate.tables","logger":"alembic.runtime.plugins","filename":"plugins.py","lineno":37}
{"timestamp":"2026-08-25T18:02:23.313142Z","level":"info","event":"setup plugin alembic.autogenerate.types","logger":"alembic.runtime.plugins","filename":"plugins.py","lineno":37}
{"timestamp":"2026-08-25T18:02:23.313176Z","level":"info","event":"setup plugin alembic.autogenerate.constraints","logger":"alembic.runtime.plugins","filename":"plugins.py","lineno":37}
{"timestamp":"2026-08-25T18:02:23.313206Z","level":"info","event":"setup plugin alembic.autogenerate.defaults","logger":"alembic.runtime.plugins","filename":"plugins.py","lineno":37}
{"timestamp":"2026-08-25T18:02:23.313236Z","level":"info","event":"setup plugin alembic.autogenerate.comments","logger":"alembic.runtime.plugins","filename":"plugins.py","lineno":37}
{"timestamp":"2026-08-25T18:02:23.416784Z","level":"info","event":"DAG bundles loaded: dags-folder","logger":"airflow.dag_processing.bundles.manager.DagBundlesManager","filename":"manager.py","lineno":209}
{"timestamp":"2026-08-25T18:02:23.417149Z","level":"info","event":"Filling up the DagBag from /Users/prse/PycharmProjects/Airflow_Prac/dags/dag_prac6.py","logger":"airflow.dag_processing.dagbag.BundleDagBag","filename":"dagbag.py","lineno":469}
{"timestamp":"2026-08-25T18:02:23.811567Z","level":"info","event":"0      True","logger":"task.stdout"}
{"timestamp":"2026-08-25T18:02:23.811726Z","level":"info","event":"1      True","logger":"task.stdout"}
{"timestamp":"2026-08-25T18:02:23.811775Z","level":"info","event":"2      True","logger":"task.stdout"}
{"timestamp":"2026-08-25T18:02:23.811818Z","level":"info","event":"3     False","logger":"task.stdout"}
{"timestamp":"2026-08-25T18:02:23.811855Z","level":"info","event":"4      True","logger":"task.stdout"}
{"timestamp":"2026-08-25T18:02:23.811892Z","level":"info","event":"5      True","logger":"task.stdout"}
{"timestamp":"2026-08-25T18:02:23.811928Z","level":"info","event":"6     False","logger":"task.stdout"}
{"timestamp":"2026-08-25T18:02:23.811963Z","level":"info","event":"7     False","logger":"task.stdout"}
{"timestamp":"2026-08-25T18:02:23.811997Z","level":"info","event":"8      True","logger":"task.stdout"}
{"timestamp":"2026-08-25T18:02:23.812032Z","level":"info","event":"9     False","logger":"task.stdout"}
{"timestamp":"2026-08-25T18:02:23.812067Z","level":"info","event":"10     True","logger":"task.stdout"}
{"timestamp":"2026-08-25T18:02:23.812101Z","level":"info","event":"11    False","logger":"task.stdout"}
{"timestamp":"2026-08-25T18:02:23.812135Z","level":"info","event":"12     True","logger":"task.stdout"}
{"timestamp":"2026-08-25T18:02:23.812169Z","level":"info","event":"13    False","logger":"task.stdout"}
{"timestamp":"2026-08-25T18:02:23.812202Z","level":"info","event":"14     True","logger":"task.stdout"}
{"timestamp":"2026-08-25T18:02:23.812236Z","level":"info","event":"Name: category, dtype: bool","logger":"task.stdout"}
{"timestamp":"2026-08-25T18:02:23.811511Z","level":"info","event":"Done. Returned value was: None","logger":"airflow.task.operators.airflow.providers.standard.operators.python.PythonOperator","filename":"python.py","lineno":229}
