{"timestamp":"2026-08-25T18:02:47.840079Z","level":"info","event":"setup plugin alembic.autogenerate.schemas","logger":"alembic.runtime.plugins","filename":"plugins.py","lineno":37}
{"timestamp":"2026-08-25T18:02:47.840209Z","level":"info","event":"setup plugin alembic.autogenerate.tables","logger":"alembic.runtime.plugins","filename":"plugins.py","lineno":37}
{"timestamp":"2026-08-25T18:02:47.840250Z","level":"info","event":"setup plugin alembic.autogenerate.types","logger":"alembic.runtime.plugins","filename":"plugins.py","lineno":37}
{"timestamp":"2026-08-25T18:02:47.840285Z","level":"info","event":"setup plugin alembic.autogenerate.constraints","logger":"alembic.runtime.plugins","filename":"plugins.py","lineno":37}
{"timestamp":"2026-08-25T18:02:47.840319Z","level":"info","event":"setup plugin alembic.autogenerate.defaults","logger":"alembic.runtime.plugins","filename":"plugins.py","lineno":37}
{"timestamp":"2026-08-25T18:02:47.840350Z","level":"info","event":"setup plugin alembic.autogenerate.comments","logger":"alembic.runtime.plugins","filename":"plugins.py","lineno":37}
{"timestamp":"2026-08-25T18:02:47.915172Z","level":"info","event":"DAG bundles loaded: dags-folder","logger":"airflow.dag_processing.bundles.manager.DagBundlesManager","filename":"manager.py","lineno":209}
{"timestamp":"2026-08-25T18:02:47.915541Z","level":"info","event":"Filling up the DagBag from /Users/prse/PycharmProjects/Airflow_Prac/dags/dag_prac6.py","logger":"airflow.dag_processing.dagbag.BundleDagBag","filename":"dagbag.py","lineno":469}
{"timestamp":"2026-08-25T18:02:48.338999Z","level":"info","event":"0     False","logger":"task.stdout"}
{"timestamp":"2026-08-25T18:02:48.339145Z","level":"info","event":"1     False","logger":"task.stdout"}
{"timestamp":"2026-08-25T18:02:48.339194Z","level":"info","event":"2     False","logger":"task.stdout"}
{"timestamp":"2026-08-25T18:02:48.339236Z","level":"info","event":"3      True","logger":"task.stdout"}
{"timestamp":"2026-08-25T18:02:48.339277Z","level":"info","event":"4     False","logger":"task.stdout"}
{"timestamp":"2026-08-25T18:02:48.339317Z","level":"info","event":"5     False","logger":"task.stdout"}
{"timestamp":"2026-08-25T18:02:48.339356Z","level":"info","event":"6     False","logger":"task.stdout"}
{"timestamp":"2026-08-25T18:02:48.339396Z","level":"info","event":"7      True","logger":"task.stdout"}
{"timestamp":"2026-08-25T18:02:48.339436Z","level":"info","event":"8     False","logger":"task.stdout"}
{"timestamp":"2026-08-25T18:02:48.339474Z","level":"info","event":"9     False","logger":"task.stdout"}
{"timestamp":"2026-08-25T18:02:48.339516Z","level":"info","event":"10    False","logger":"task.stdout"}
{"timestamp":"2026-08-25T18:02:48.339554Z","level":"info","event":"11     True","logger":"task.stdout"}
{"timestamp":"2026-08-25T18:02:48.339616Z","level":"info","event":"12    False","logger":"task.stdout"}
{"timestamp":"2026-08-25T18:02:48.339657Z","level":"info","event":"13    False","logger":"task.stdout"}
{"timestamp":"2026-08-25T18:02:48.339697Z","level":"info","event":"14    False","logger":"task.stdout"}
{"timestamp":"2026-08-25T18:02:48.339735Z","level":"info","event":"Name: category, dtype: bool","logger":"task.stdout"}
{"timestamp":"2026-08-25T18:02:48.338960Z","level":"info","event":"Done. Returned value was: None","logger":"airflow.task.operators.airflow.providers.standard.operators.python.PythonOperator","filename":"python.py","lineno":229}
