{"timestamp":"2026-09-07T16:21:01.663224Z","level":"info","event":"setup plugin alembic.autogenerate.schemas","logger":"alembic.runtime.plugins","filename":"plugins.py","lineno":37}
{"timestamp":"2026-09-07T16:21:01.663373Z","level":"info","event":"setup plugin alembic.autogenerate.tables","logger":"alembic.runtime.plugins","filename":"plugins.py","lineno":37}
{"timestamp":"2026-09-07T16:21:01.663418Z","level":"info","event":"setup plugin alembic.autogenerate.types","logger":"alembic.runtime.plugins","filename":"plugins.py","lineno":37}
{"timestamp":"2026-09-07T16:21:01.663457Z","level":"info","event":"setup plugin alembic.autogenerate.constraints","logger":"alembic.runtime.plugins","filename":"plugins.py","lineno":37}
{"timestamp":"2026-09-07T16:21:01.663492Z","level":"info","event":"setup plugin alembic.autogenerate.defaults","logger":"alembic.runtime.plugins","filename":"plugins.py","lineno":37}
{"timestamp":"2026-09-07T16:21:01.663524Z","level":"info","event":"setup plugin alembic.autogenerate.comments","logger":"alembic.runtime.plugins","filename":"plugins.py","lineno":37}
{"timestamp":"2026-09-07T16:21:01.762226Z","level":"info","event":"DAG bundles loaded: dags-folder","logger":"airflow.dag_processing.bundles.manager.DagBundlesManager","filename":"manager.py","lineno":209}
{"timestamp":"2026-09-07T16:21:01.762613Z","level":"info","event":"Filling up the DagBag from /Users/prse/PycharmProjects/Airflow_Prac/dags/dag_prac6.py","logger":"airflow.dag_processing.dagbag.BundleDagBag","filename":"dagbag.py","lineno":469}
{"timestamp":"2026-09-07T16:21:02.249765Z","level":"info","event":"0     False","logger":"task.stdout"}
{"timestamp":"2026-09-07T16:21:02.249986Z","level":"info","event":"1     False","logger":"task.stdout"}
{"timestamp":"2026-09-07T16:21:02.250046Z","level":"info","event":"2     False","logger":"task.stdout"}
{"timestamp":"2026-09-07T16:21:02.250092Z","level":"info","event":"3      True","logger":"task.stdout"}
{"timestamp":"2026-09-07T16:21:02.250133Z","level":"info","event":"4     False","logger":"task.stdout"}
{"timestamp":"2026-09-07T16:21:02.250197Z","level":"info","event":"5     False","logger":"task.stdout"}
{"timestamp":"2026-09-07T16:21:02.250233Z","level":"info","event":"6     False","logger":"task.stdout"}
{"timestamp":"2026-09-07T16:21:02.250270Z","level":"info","event":"7      True","logger":"task.stdout"}
{"timestamp":"2026-09-07T16:21:02.250305Z","level":"info","event":"8     False","logger":"task.stdout"}
{"timestamp":"2026-09-07T16:21:02.250341Z","level":"info","event":"9     False","logger":"task.stdout"}
{"timestamp":"2026-09-07T16:21:02.250376Z","level":"info","event":"10    False","logger":"task.stdout"}
{"timestamp":"2026-09-07T16:21:02.250411Z","level":"info","event":"11     True","logger":"task.stdout"}
{"timestamp":"2026-09-07T16:21:02.250450Z","level":"info","event":"12    False","logger":"task.stdout"}
{"timestamp":"2026-09-07T16:21:02.250485Z","level":"info","event":"13    False","logger":"task.stdout"}
{"timestamp":"2026-09-07T16:21:02.250520Z","level":"info","event":"14    False","logger":"task.stdout"}
{"timestamp":"2026-09-07T16:21:02.250554Z","level":"info","event":"Name: category, dtype: bool","logger":"task.stdout"}
{"timestamp":"2026-09-07T16:21:02.249542Z","level":"info","event":"Done. Returned value was: None","logger":"airflow.task.operators.airflow.providers.standard.operators.python.PythonOperator","filename":"python.py","lineno":229}
