{"timestamp":"2026-08-20T16:17:02.145140Z","level":"info","event":"setup plugin alembic.autogenerate.schemas","logger":"alembic.runtime.plugins","filename":"plugins.py","lineno":37}
{"timestamp":"2026-08-20T16:17:02.145298Z","level":"info","event":"setup plugin alembic.autogenerate.tables","logger":"alembic.runtime.plugins","filename":"plugins.py","lineno":37}
{"timestamp":"2026-08-20T16:17:02.145348Z","level":"info","event":"setup plugin alembic.autogenerate.types","logger":"alembic.runtime.plugins","filename":"plugins.py","lineno":37}
{"timestamp":"2026-08-20T16:17:02.145387Z","level":"info","event":"setup plugin alembic.autogenerate.constraints","logger":"alembic.runtime.plugins","filename":"plugins.py","lineno":37}
{"timestamp":"2026-08-20T16:17:02.145424Z","level":"info","event":"setup plugin alembic.autogenerate.defaults","logger":"alembic.runtime.plugins","filename":"plugins.py","lineno":37}
{"timestamp":"2026-08-20T16:17:02.145459Z","level":"info","event":"setup plugin alembic.autogenerate.comments","logger":"alembic.runtime.plugins","filename":"plugins.py","lineno":37}
{"timestamp":"2026-08-20T16:17:02.239230Z","level":"info","event":"DAG bundles loaded: dags-folder","logger":"airflow.dag_processing.bundles.manager.DagBundlesManager","filename":"manager.py","lineno":209}
{"timestamp":"2026-08-20T16:17:02.239672Z","level":"info","event":"Filling up the DagBag from /Users/prse/PycharmProjects/Airflow_Prac/dags/dag_prac6.py","logger":"airflow.dag_processing.dagbag.BundleDagBag","filename":"dagbag.py","lineno":469}
{"timestamp":"2026-08-20T16:17:02.674416Z","level":"info","event":"0     False","logger":"task.stdout"}
{"timestamp":"2026-08-20T16:17:02.674596Z","level":"info","event":"1     False","logger":"task.stdout"}
{"timestamp":"2026-08-20T16:17:02.674650Z","level":"info","event":"2     False","logger":"task.stdout"}
{"timestamp":"2026-08-20T16:17:02.674722Z","level":"info","event":"3     False","logger":"task.stdout"}
{"timestamp":"2026-08-20T16:17:02.674765Z","level":"info","event":"4     False","logger":"task.stdout"}
{"timestamp":"2026-08-20T16:17:02.674805Z","level":"info","event":"5     False","logger":"task.stdout"}
{"timestamp":"2026-08-20T16:17:02.674846Z","level":"info","event":"6      True","logger":"task.stdout"}
{"timestamp":"2026-08-20T16:17:02.674890Z","level":"info","event":"7     False","logger":"task.stdout"}
{"timestamp":"2026-08-20T16:17:02.674931Z","level":"info","event":"8     False","logger":"task.stdout"}
{"timestamp":"2026-08-20T16:17:02.674971Z","level":"info","event":"9      True","logger":"task.stdout"}
{"timestamp":"2026-08-20T16:17:02.675012Z","level":"info","event":"10    False","logger":"task.stdout"}
{"timestamp":"2026-08-20T16:17:02.675053Z","level":"info","event":"11    False","logger":"task.stdout"}
{"timestamp":"2026-08-20T16:17:02.675096Z","level":"info","event":"12    False","logger":"task.stdout"}
{"timestamp":"2026-08-20T16:17:02.675138Z","level":"info","event":"13     True","logger":"task.stdout"}
{"timestamp":"2026-08-20T16:17:02.675180Z","level":"info","event":"14    False","logger":"task.stdout"}
{"timestamp":"2026-08-20T16:17:02.675219Z","level":"info","event":"Name: category, dtype: bool","logger":"task.stdout"}
{"timestamp":"2026-08-20T16:17:02.674352Z","level":"info","event":"Done. Returned value was: None","logger":"airflow.task.operators.airflow.providers.standard.operators.python.PythonOperator","filename":"python.py","lineno":229}
