{"timestamp":"2026-08-25T18:03:03.083002Z","level":"info","event":"setup plugin alembic.autogenerate.schemas","logger":"alembic.runtime.plugins","filename":"plugins.py","lineno":37}
{"timestamp":"2026-08-25T18:03:03.083140Z","level":"info","event":"setup plugin alembic.autogenerate.tables","logger":"alembic.runtime.plugins","filename":"plugins.py","lineno":37}
{"timestamp":"2026-08-25T18:03:03.083183Z","level":"info","event":"setup plugin alembic.autogenerate.types","logger":"alembic.runtime.plugins","filename":"plugins.py","lineno":37}
{"timestamp":"2026-08-25T18:03:03.083219Z","level":"info","event":"setup plugin alembic.autogenerate.constraints","logger":"alembic.runtime.plugins","filename":"plugins.py","lineno":37}
{"timestamp":"2026-08-25T18:03:03.083253Z","level":"info","event":"setup plugin alembic.autogenerate.defaults","logger":"alembic.runtime.plugins","filename":"plugins.py","lineno":37}
{"timestamp":"2026-08-25T18:03:03.083284Z","level":"info","event":"setup plugin alembic.autogenerate.comments","logger":"alembic.runtime.plugins","filename":"plugins.py","lineno":37}
{"timestamp":"2026-08-25T18:03:03.162475Z","level":"info","event":"DAG bundles loaded: dags-folder","logger":"airflow.dag_processing.bundles.manager.DagBundlesManager","filename":"manager.py","lineno":209}
{"timestamp":"2026-08-25T18:03:03.162867Z","level":"info","event":"Filling up the DagBag from /Users/prse/PycharmProjects/Airflow_Prac/dags/dag_prac6.py","logger":"airflow.dag_processing.dagbag.BundleDagBag","filename":"dagbag.py","lineno":469}
{"timestamp":"2026-08-25T18:03:03.565638Z","level":"info","event":"0     False","logger":"task.stdout"}
{"timestamp":"2026-08-25T18:03:03.565808Z","level":"info","event":"1     False","logger":"task.stdout"}
{"timestamp":"2026-08-25T18:03:03.565885Z","level":"info","event":"2     False","logger":"task.stdout"}
{"timestamp":"2026-08-25T18:03:03.565933Z","level":"info","event":"3     False","logger":"task.stdout"}
{"timestamp":"2026-08-25T18:03:03.566034Z","level":"info","event":"4     False","logger":"task.stdout"}
{"timestamp":"2026-08-25T18:03:03.566077Z","level":"info","event":"5     False","logger":"task.stdout"}
{"timestamp":"2026-08-25T18:03:03.566118Z","level":"info","event":"6      True","logger":"task.stdout"}
{"timestamp":"2026-08-25T18:03:03.566162Z","level":"info","event":"7     False","logger":"task.stdout"}
{"timestamp":"2026-08-25T18:03:03.566202Z","level":"info","event":"8     False","logger":"task.stdout"}
{"timestamp":"2026-08-25T18:03:03.566241Z","level":"info","event":"9      True","logger":"task.stdout"}
{"timestamp":"2026-08-25T18:03:03.566279Z","level":"info","event":"10    False","logger":"task.stdout"}
{"timestamp":"2026-08-25T18:03:03.566317Z","level":"info","event":"11    False","logger":"task.stdout"}
{"timestamp":"2026-08-25T18:03:03.566355Z","level":"info","event":"12    False","logger":"task.stdout"}
{"timestamp":"2026-08-25T18:03:03.566393Z","level":"info","event":"13     True","logger":"task.stdout"}
{"timestamp":"2026-08-25T18:03:03.566430Z","level":"info","event":"14    False","logger":"task.stdout"}
{"timestamp":"2026-08-25T18:03:03.566469Z","level":"info","event":"Name: category, dtype: bool","logger":"task.stdout"}
{"timestamp":"2026-08-25T18:03:03.565587Z","level":"info","event":"Done. Returned value was: None","logger":"airflow.task.operators.airflow.providers.standard.operators.python.PythonOperator","filename":"python.py","lineno":229}
