{"timestamp":"2026-08-20T16:12:45.557198Z","level":"info","event":"setup plugin alembic.autogenerate.schemas","logger":"alembic.runtime.plugins","filename":"plugins.py","lineno":37}
{"timestamp":"2026-08-20T16:12:45.557328Z","level":"info","event":"setup plugin alembic.autogenerate.tables","logger":"alembic.runtime.plugins","filename":"plugins.py","lineno":37}
{"timestamp":"2026-08-20T16:12:45.557369Z","level":"info","event":"setup plugin alembic.autogenerate.types","logger":"alembic.runtime.plugins","filename":"plugins.py","lineno":37}
{"timestamp":"2026-08-20T16:12:45.557403Z","level":"info","event":"setup plugin alembic.autogenerate.constraints","logger":"alembic.runtime.plugins","filename":"plugins.py","lineno":37}
{"timestamp":"2026-08-20T16:12:45.557436Z","level":"info","event":"setup plugin alembic.autogenerate.defaults","logger":"alembic.runtime.plugins","filename":"plugins.py","lineno":37}
{"timestamp":"2026-08-20T16:12:45.557467Z","level":"info","event":"setup plugin alembic.autogenerate.comments","logger":"alembic.runtime.plugins","filename":"plugins.py","lineno":37}
{"timestamp":"2026-08-20T16:12:45.635753Z","level":"info","event":"DAG bundles loaded: dags-folder","logger":"airflow.dag_processing.bundles.manager.DagBundlesManager","filename":"manager.py","lineno":209}
{"timestamp":"2026-08-20T16:12:45.636141Z","level":"info","event":"Filling up the DagBag from /Users/prse/PycharmProjects/Airflow_Prac/dags/dag_prac6.py","logger":"airflow.dag_processing.dagbag.BundleDagBag","filename":"dagbag.py","lineno":469}
{"timestamp":"2026-08-20T16:12:46.168561Z","level":"info","event":"0     False","logger":"task.stdout"}
{"timestamp":"2026-08-20T16:12:46.168938Z","level":"info","event":"1     False","logger":"task.stdout"}
{"timestamp":"2026-08-20T16:12:46.169035Z","level":"info","event":"2     False","logger":"task.stdout"}
{"timestamp":"2026-08-20T16:12:46.169121Z","level":"info","event":"3      True","logger":"task.stdout"}
{"timestamp":"2026-08-20T16:12:46.169228Z","level":"info","event":"4     False","logger":"task.stdout"}
{"timestamp":"2026-08-20T16:12:46.169313Z","level":"info","event":"5     False","logger":"task.stdout"}
{"timestamp":"2026-08-20T16:12:46.169389Z","level":"info","event":"6     False","logger":"task.stdout"}
{"timestamp":"2026-08-20T16:12:46.169464Z","level":"info","event":"7      True","logger":"task.stdout"}
{"timestamp":"2026-08-20T16:12:46.169539Z","level":"info","event":"8     False","logger":"task.stdout"}
{"timestamp":"2026-08-20T16:12:46.169613Z","level":"info","event":"9     False","logger":"task.stdout"}
{"timestamp":"2026-08-20T16:12:46.169686Z","level":"info","event":"10    False","logger":"task.stdout"}
{"timestamp":"2026-08-20T16:12:46.169759Z","level":"info","event":"11     True","logger":"task.stdout"}
{"timestamp":"2026-08-20T16:12:46.169832Z","level":"info","event":"12    False","logger":"task.stdout"}
{"timestamp":"2026-08-20T16:12:46.169905Z","level":"info","event":"13    False","logger":"task.stdout"}
{"timestamp":"2026-08-20T16:12:46.169980Z","level":"info","event":"14    False","logger":"task.stdout"}
{"timestamp":"2026-08-20T16:12:46.170056Z","level":"info","event":"Name: category, dtype: bool","logger":"task.stdout"}
{"timestamp":"2026-08-20T16:12:46.168405Z","level":"info","event":"Done. Returned value was: None","logger":"airflow.task.operators.airflow.providers.standard.operators.python.PythonOperator","filename":"python.py","lineno":229}
