{"timestamp":"2026-08-20T16:12:50.526896Z","level":"info","event":"setup plugin alembic.autogenerate.schemas","logger":"alembic.runtime.plugins","filename":"plugins.py","lineno":37}
{"timestamp":"2026-08-20T16:12:50.527036Z","level":"info","event":"setup plugin alembic.autogenerate.tables","logger":"alembic.runtime.plugins","filename":"plugins.py","lineno":37}
{"timestamp":"2026-08-20T16:12:50.527082Z","level":"info","event":"setup plugin alembic.autogenerate.types","logger":"alembic.runtime.plugins","filename":"plugins.py","lineno":37}
{"timestamp":"2026-08-20T16:12:50.527119Z","level":"info","event":"setup plugin alembic.autogenerate.constraints","logger":"alembic.runtime.plugins","filename":"plugins.py","lineno":37}
{"timestamp":"2026-08-20T16:12:50.527153Z","level":"info","event":"setup plugin alembic.autogenerate.defaults","logger":"alembic.runtime.plugins","filename":"plugins.py","lineno":37}
{"timestamp":"2026-08-20T16:12:50.527187Z","level":"info","event":"setup plugin alembic.autogenerate.comments","logger":"alembic.runtime.plugins","filename":"plugins.py","lineno":37}
{"timestamp":"2026-08-20T16:12:50.605894Z","level":"info","event":"DAG bundles loaded: dags-folder","logger":"airflow.dag_processing.bundles.manager.DagBundlesManager","filename":"manager.py","lineno":209}
{"timestamp":"2026-08-20T16:12:50.606276Z","level":"info","event":"Filling up the DagBag from /Users/prse/PycharmProjects/Airflow_Prac/dags/dag_prac6.py","logger":"airflow.dag_processing.dagbag.BundleDagBag","filename":"dagbag.py","lineno":469}
{"timestamp":"2026-08-20T16:12:51.020028Z","level":"info","event":"0     False","logger":"task.stdout"}
{"timestamp":"2026-08-20T16:12:51.020160Z","level":"info","event":"1     False","logger":"task.stdout"}
{"timestamp":"2026-08-20T16:12:51.020206Z","level":"info","event":"2     False","logger":"task.stdout"}
{"timestamp":"2026-08-20T16:12:51.020252Z","level":"info","event":"3      True","logger":"task.stdout"}
{"timestamp":"2026-08-20T16:12:51.020294Z","level":"info","event":"4     False","logger":"task.stdout"}
{"timestamp":"2026-08-20T16:12:51.020335Z","level":"info","event":"5     False","logger":"task.stdout"}
{"timestamp":"2026-08-20T16:12:51.020375Z","level":"info","event":"6     False","logger":"task.stdout"}
{"timestamp":"2026-08-20T16:12:51.020415Z","level":"info","event":"7      True","logger":"task.stdout"}
{"timestamp":"2026-08-20T16:12:51.020456Z","level":"info","event":"8     False","logger":"task.stdout"}
{"timestamp":"2026-08-20T16:12:51.020495Z","level":"info","event":"9     False","logger":"task.stdout"}
{"timestamp":"2026-08-20T16:12:51.020535Z","level":"info","event":"10    False","logger":"task.stdout"}
{"timestamp":"2026-08-20T16:12:51.020574Z","level":"info","event":"11     True","logger":"task.stdout"}
{"timestamp":"2026-08-20T16:12:51.020613Z","level":"info","event":"12    False","logger":"task.stdout"}
{"timestamp":"2026-08-20T16:12:51.020651Z","level":"info","event":"13    False","logger":"task.stdout"}
{"timestamp":"2026-08-20T16:12:51.020691Z","level":"info","event":"14    False","logger":"task.stdout"}
{"timestamp":"2026-08-20T16:12:51.020730Z","level":"info","event":"Name: category, dtype: bool","logger":"task.stdout"}
{"timestamp":"2026-08-20T16:12:51.020008Z","level":"info","event":"Done. Returned value was: None","logger":"airflow.task.operators.airflow.providers.standard.operators.python.PythonOperator","filename":"python.py","lineno":229}
