{"timestamp":"2026-09-07T16:20:30.709450Z","level":"info","event":"setup plugin alembic.autogenerate.schemas","logger":"alembic.runtime.plugins","filename":"plugins.py","lineno":37}
{"timestamp":"2026-09-07T16:20:30.709575Z","level":"info","event":"setup plugin alembic.autogenerate.tables","logger":"alembic.runtime.plugins","filename":"plugins.py","lineno":37}
{"timestamp":"2026-09-07T16:20:30.709616Z","level":"info","event":"setup plugin alembic.autogenerate.types","logger":"alembic.runtime.plugins","filename":"plugins.py","lineno":37}
{"timestamp":"2026-09-07T16:20:30.709650Z","level":"info","event":"setup plugin alembic.autogenerate.constraints","logger":"alembic.runtime.plugins","filename":"plugins.py","lineno":37}
{"timestamp":"2026-09-07T16:20:30.709684Z","level":"info","event":"setup plugin alembic.autogenerate.defaults","logger":"alembic.runtime.plugins","filename":"plugins.py","lineno":37}
{"timestamp":"2026-09-07T16:20:30.709716Z","level":"info","event":"setup plugin alembic.autogenerate.comments","logger":"alembic.runtime.plugins","filename":"plugins.py","lineno":37}
{"timestamp":"2026-09-07T16:20:30.785475Z","level":"info","event":"DAG bundles loaded: dags-folder","logger":"airflow.dag_processing.bundles.manager.DagBundlesManager","filename":"manager.py","lineno":209}
{"timestamp":"2026-09-07T16:20:30.785855Z","level":"info","event":"Filling up the DagBag from /Users/prse/PycharmProjects/Airflow_Prac/dags/dag_prac6.py","logger":"airflow.dag_processing.dagbag.BundleDagBag","filename":"dagbag.py","lineno":469}
{"timestamp":"2026-09-07T16:20:31.189697Z","level":"info","event":"0      True","logger":"task.stdout"}
{"timestamp":"2026-09-07T16:20:31.189912Z","level":"info","event":"1      True","logger":"task.stdout"}
{"timestamp":"2026-09-07T16:20:31.189977Z","level":"info","event":"2      True","logger":"task.stdout"}
{"timestamp":"2026-09-07T16:20:31.190029Z","level":"info","event":"3     False","logger":"task.stdout"}
{"timestamp":"2026-09-07T16:20:31.190072Z","level":"info","event":"4      True","logger":"task.stdout"}
{"timestamp":"2026-09-07T16:20:31.190113Z","level":"info","event":"5      True","logger":"task.stdout"}
{"timestamp":"2026-09-07T16:20:31.190153Z","level":"info","event":"6     False","logger":"task.stdout"}
{"timestamp":"2026-09-07T16:20:31.190195Z","level":"info","event":"7     False","logger":"task.stdout"}
{"timestamp":"2026-09-07T16:20:31.190234Z","level":"info","event":"8      True","logger":"task.stdout"}
{"timestamp":"2026-09-07T16:20:31.190272Z","level":"info","event":"9     False","logger":"task.stdout"}
{"timestamp":"2026-09-07T16:20:31.190313Z","level":"info","event":"10     True","logger":"task.stdout"}
{"timestamp":"2026-09-07T16:20:31.190352Z","level":"info","event":"11    False","logger":"task.stdout"}
{"timestamp":"2026-09-07T16:20:31.190392Z","level":"info","event":"12     True","logger":"task.stdout"}
{"timestamp":"2026-09-07T16:20:31.190431Z","level":"info","event":"13    False","logger":"task.stdout"}
{"timestamp":"2026-09-07T16:20:31.190470Z","level":"info","event":"14     True","logger":"task.stdout"}
{"timestamp":"2026-09-07T16:20:31.190509Z","level":"info","event":"Name: category, dtype: bool","logger":"task.stdout"}
{"timestamp":"2026-09-07T16:20:31.189644Z","level":"info","event":"Done. Returned value was: None","logger":"airflow.task.operators.airflow.providers.standard.operators.python.PythonOperator","filename":"python.py","lineno":229}
