{"timestamp":"2026-09-07T16:21:48.506865Z","level":"info","event":"setup plugin alembic.autogenerate.schemas","logger":"alembic.runtime.plugins","filename":"plugins.py","lineno":37}
{"timestamp":"2026-09-07T16:21:48.507024Z","level":"info","event":"setup plugin alembic.autogenerate.tables","logger":"alembic.runtime.plugins","filename":"plugins.py","lineno":37}
{"timestamp":"2026-09-07T16:21:48.507071Z","level":"info","event":"setup plugin alembic.autogenerate.types","logger":"alembic.runtime.plugins","filename":"plugins.py","lineno":37}
{"timestamp":"2026-09-07T16:21:48.507110Z","level":"info","event":"setup plugin alembic.autogenerate.constraints","logger":"alembic.runtime.plugins","filename":"plugins.py","lineno":37}
{"timestamp":"2026-09-07T16:21:48.507146Z","level":"info","event":"setup plugin alembic.autogenerate.defaults","logger":"alembic.runtime.plugins","filename":"plugins.py","lineno":37}
{"timestamp":"2026-09-07T16:21:48.507179Z","level":"info","event":"setup plugin alembic.autogenerate.comments","logger":"alembic.runtime.plugins","filename":"plugins.py","lineno":37}
{"timestamp":"2026-09-07T16:21:48.642522Z","level":"info","event":"DAG bundles loaded: dags-folder","logger":"airflow.dag_processing.bundles.manager.DagBundlesManager","filename":"manager.py","lineno":209}
{"timestamp":"2026-09-07T16:21:48.642846Z","level":"info","event":"Filling up the DagBag from /Users/prse/PycharmProjects/Airflow_Prac/dags/dag_prac6.py","logger":"airflow.dag_processing.dagbag.BundleDagBag","filename":"dagbag.py","lineno":469}
{"timestamp":"2026-09-07T16:21:49.025193Z","level":"info","event":"0     False","logger":"task.stdout"}
{"timestamp":"2026-09-07T16:21:49.025361Z","level":"info","event":"1     False","logger":"task.stdout"}
{"timestamp":"2026-09-07T16:21:49.025448Z","level":"info","event":"2     False","logger":"task.stdout"}
{"timestamp":"2026-09-07T16:21:49.025516Z","level":"info","event":"3     False","logger":"task.stdout"}
{"timestamp":"2026-09-07T16:21:49.025562Z","level":"info","event":"4     False","logger":"task.stdout"}
{"timestamp":"2026-09-07T16:21:49.025604Z","level":"info","event":"5     False","logger":"task.stdout"}
{"timestamp":"2026-09-07T16:21:49.025646Z","level":"info","event":"6      True","logger":"task.stdout"}
{"timestamp":"2026-09-07T16:21:49.025686Z","level":"info","event":"7     False","logger":"task.stdout"}
{"timestamp":"2026-09-07T16:21:49.025730Z","level":"info","event":"8     False","logger":"task.stdout"}
{"timestamp":"2026-09-07T16:21:49.025774Z","level":"info","event":"9      True","logger":"task.stdout"}
{"timestamp":"2026-09-07T16:21:49.025810Z","level":"info","event":"10    False","logger":"task.stdout"}
{"timestamp":"2026-09-07T16:21:49.025850Z","level":"info","event":"11    False","logger":"task.stdout"}
{"timestamp":"2026-09-07T16:21:49.025888Z","level":"info","event":"12    False","logger":"task.stdout"}
{"timestamp":"2026-09-07T16:21:49.025926Z","level":"info","event":"13     True","logger":"task.stdout"}
{"timestamp":"2026-09-07T16:21:49.025970Z","level":"info","event":"14    False","logger":"task.stdout"}
{"timestamp":"2026-09-07T16:21:49.026007Z","level":"info","event":"Name: category, dtype: bool","logger":"task.stdout"}
{"timestamp":"2026-09-07T16:21:49.025129Z","level":"info","event":"Done. Returned value was: None","logger":"airflow.task.operators.airflow.providers.standard.operators.python.PythonOperator","filename":"python.py","lineno":229}
