{"timestamp":"2026-09-07T16:21:40.604108Z","level":"info","event":"setup plugin alembic.autogenerate.schemas","logger":"alembic.runtime.plugins","filename":"plugins.py","lineno":37}
{"timestamp":"2026-09-07T16:21:40.604237Z","level":"info","event":"setup plugin alembic.autogenerate.tables","logger":"alembic.runtime.plugins","filename":"plugins.py","lineno":37}
{"timestamp":"2026-09-07T16:21:40.604277Z","level":"info","event":"setup plugin alembic.autogenerate.types","logger":"alembic.runtime.plugins","filename":"plugins.py","lineno":37}
{"timestamp":"2026-09-07T16:21:40.604311Z","level":"info","event":"setup plugin alembic.autogenerate.constraints","logger":"alembic.runtime.plugins","filename":"plugins.py","lineno":37}
{"timestamp":"2026-09-07T16:21:40.604342Z","level":"info","event":"setup plugin alembic.autogenerate.defaults","logger":"alembic.runtime.plugins","filename":"plugins.py","lineno":37}
{"timestamp":"2026-09-07T16:21:40.604373Z","level":"info","event":"setup plugin alembic.autogenerate.comments","logger":"alembic.runtime.plugins","filename":"plugins.py","lineno":37}
{"timestamp":"2026-09-07T16:21:40.691999Z","level":"info","event":"DAG bundles loaded: dags-folder","logger":"airflow.dag_processing.bundles.manager.DagBundlesManager","filename":"manager.py","lineno":209}
{"timestamp":"2026-09-07T16:21:40.692436Z","level":"info","event":"Filling up the DagBag from /Users/prse/PycharmProjects/Airflow_Prac/dags/Ladv7.py","logger":"airflow.dag_processing.dagbag.BundleDagBag","filename":"dagbag.py","lineno":469}
{"timestamp":"2026-09-07T16:21:41.126247Z","level":"info","event":"esc status data is    True ticket_id customer_id  ... agent_id   region satisfaction_score","logger":"task.stdout"}
{"timestamp":"2026-09-07T16:21:41.126686Z","level":"info","event":"0     1  TKT-1002    CUST-111  ...     A101    North                NaN","logger":"task.stdout"}
{"timestamp":"2026-09-07T16:21:41.126830Z","level":"info","event":"1     3  TKT-1004    CUST-153  ...     A105     East                NaN","logger":"task.stdout"}
{"timestamp":"2026-09-07T16:21:41.126931Z","level":"info","event":"2     7  TKT-1008    CUST-146  ...     A106    North                NaN","logger":"task.stdout"}
{"timestamp":"2026-09-07T16:21:41.127039Z","level":"info","event":"3    11  TKT-1012    CUST-128  ...     A102    North                NaN","logger":"task.stdout"}
{"timestamp":"2026-09-07T16:21:41.127140Z","level":"info","event":"4    14  TKT-1015    CUST-154  ...     A103    South                NaN","logger":"task.stdout"}
{"timestamp":"2026-09-07T16:21:41.127223Z","level":"info","event":"5    33  TKT-1034    CUST-184  ...     A102     East                NaN","logger":"task.stdout"}
{"timestamp":"2026-09-07T16:21:41.127301Z","level":"info","event":"6    34  TKT-1035    CUST-194  ...     A106     East                NaN","logger":"task.stdout"}
{"timestamp":"2026-09-07T16:21:41.127378Z","level":"info","event":"7    35  TKT-1036    CUST-161  ...     A101  Central                NaN","logger":"task.stdout"}
{"timestamp":"2026-09-07T16:21:41.127462Z","level":"info","event":"8    38  TKT-1039    CUST-172  ...     A103    South                NaN","logger":"task.stdout"}
{"timestamp":"2026-09-07T16:21:41.127541Z","level":"info","event":"","logger":"task.stdout"}
{"timestamp":"2026-09-07T16:21:41.127625Z","level":"info","event":"[9 rows x 11 columns] and file_path is /Users/prse/PycharmProjects/Airflow_Prac/data/escalated.csv","logger":"task.stdout"}
{"timestamp":"2026-09-07T16:21:41.124665Z","level":"info","event":"Done. Returned value was: None","logger":"airflow.task.operators.airflow.providers.standard.decorators.python._PythonDecoratedOperator","filename":"python.py","lineno":229}
