{"timestamp":"2026-08-21T13:07:31.217432Z","level":"info","event":"setup plugin alembic.autogenerate.schemas","logger":"alembic.runtime.plugins","filename":"plugins.py","lineno":37}
{"timestamp":"2026-08-21T13:07:31.217568Z","level":"info","event":"setup plugin alembic.autogenerate.tables","logger":"alembic.runtime.plugins","filename":"plugins.py","lineno":37}
{"timestamp":"2026-08-21T13:07:31.217609Z","level":"info","event":"setup plugin alembic.autogenerate.types","logger":"alembic.runtime.plugins","filename":"plugins.py","lineno":37}
{"timestamp":"2026-08-21T13:07:31.217658Z","level":"info","event":"setup plugin alembic.autogenerate.constraints","logger":"alembic.runtime.plugins","filename":"plugins.py","lineno":37}
{"timestamp":"2026-08-21T13:07:31.217692Z","level":"info","event":"setup plugin alembic.autogenerate.defaults","logger":"alembic.runtime.plugins","filename":"plugins.py","lineno":37}
{"timestamp":"2026-08-21T13:07:31.217724Z","level":"info","event":"setup plugin alembic.autogenerate.comments","logger":"alembic.runtime.plugins","filename":"plugins.py","lineno":37}
{"timestamp":"2026-08-21T13:07:31.296058Z","level":"info","event":"DAG bundles loaded: dags-folder","logger":"airflow.dag_processing.bundles.manager.DagBundlesManager","filename":"manager.py","lineno":209}
{"timestamp":"2026-08-21T13:07:31.296449Z","level":"info","event":"Filling up the DagBag from /Users/prse/PycharmProjects/Airflow_Prac/dags/dag_prac6.py","logger":"airflow.dag_processing.dagbag.BundleDagBag","filename":"dagbag.py","lineno":469}
{"timestamp":"2026-08-21T13:07:31.738414Z","level":"info","event":"0     False","logger":"task.stdout"}
{"timestamp":"2026-08-21T13:07:31.738633Z","level":"info","event":"1     False","logger":"task.stdout"}
{"timestamp":"2026-08-21T13:07:31.738708Z","level":"info","event":"2     False","logger":"task.stdout"}
{"timestamp":"2026-08-21T13:07:31.738751Z","level":"info","event":"3     False","logger":"task.stdout"}
{"timestamp":"2026-08-21T13:07:31.738789Z","level":"info","event":"4     False","logger":"task.stdout"}
{"timestamp":"2026-08-21T13:07:31.738829Z","level":"info","event":"5     False","logger":"task.stdout"}
{"timestamp":"2026-08-21T13:07:31.738865Z","level":"info","event":"6      True","logger":"task.stdout"}
{"timestamp":"2026-08-21T13:07:31.738903Z","level":"info","event":"7     False","logger":"task.stdout"}
{"timestamp":"2026-08-21T13:07:31.738939Z","level":"info","event":"8     False","logger":"task.stdout"}
{"timestamp":"2026-08-21T13:07:31.738997Z","level":"info","event":"9      True","logger":"task.stdout"}
{"timestamp":"2026-08-21T13:07:31.739032Z","level":"info","event":"10    False","logger":"task.stdout"}
{"timestamp":"2026-08-21T13:07:31.739072Z","level":"info","event":"11    False","logger":"task.stdout"}
{"timestamp":"2026-08-21T13:07:31.739108Z","level":"info","event":"12    False","logger":"task.stdout"}
{"timestamp":"2026-08-21T13:07:31.739142Z","level":"info","event":"13     True","logger":"task.stdout"}
{"timestamp":"2026-08-21T13:07:31.739176Z","level":"info","event":"14    False","logger":"task.stdout"}
{"timestamp":"2026-08-21T13:07:31.739213Z","level":"info","event":"Name: category, dtype: bool","logger":"task.stdout"}
{"timestamp":"2026-08-21T13:07:31.738340Z","level":"info","event":"Done. Returned value was: None","logger":"airflow.task.operators.airflow.providers.standard.operators.python.PythonOperator","filename":"python.py","lineno":229}
