{"timestamp":"2026-09-07T16:21:05.379962Z","level":"info","event":"setup plugin alembic.autogenerate.schemas","logger":"alembic.runtime.plugins","filename":"plugins.py","lineno":37}
{"timestamp":"2026-09-07T16:21:05.380089Z","level":"info","event":"setup plugin alembic.autogenerate.tables","logger":"alembic.runtime.plugins","filename":"plugins.py","lineno":37}
{"timestamp":"2026-09-07T16:21:05.380133Z","level":"info","event":"setup plugin alembic.autogenerate.types","logger":"alembic.runtime.plugins","filename":"plugins.py","lineno":37}
{"timestamp":"2026-09-07T16:21:05.380171Z","level":"info","event":"setup plugin alembic.autogenerate.constraints","logger":"alembic.runtime.plugins","filename":"plugins.py","lineno":37}
{"timestamp":"2026-09-07T16:21:05.380205Z","level":"info","event":"setup plugin alembic.autogenerate.defaults","logger":"alembic.runtime.plugins","filename":"plugins.py","lineno":37}
{"timestamp":"2026-09-07T16:21:05.380236Z","level":"info","event":"setup plugin alembic.autogenerate.comments","logger":"alembic.runtime.plugins","filename":"plugins.py","lineno":37}
{"timestamp":"2026-09-07T16:21:05.470131Z","level":"info","event":"DAG bundles loaded: dags-folder","logger":"airflow.dag_processing.bundles.manager.DagBundlesManager","filename":"manager.py","lineno":209}
{"timestamp":"2026-09-07T16:21:05.470559Z","level":"info","event":"Filling up the DagBag from /Users/prse/PycharmProjects/Airflow_Prac/dags/dag_prac6.py","logger":"airflow.dag_processing.dagbag.BundleDagBag","filename":"dagbag.py","lineno":469}
{"timestamp":"2026-09-07T16:21:05.868548Z","level":"info","event":"0     False","logger":"task.stdout"}
{"timestamp":"2026-09-07T16:21:05.868722Z","level":"info","event":"1     False","logger":"task.stdout"}
{"timestamp":"2026-09-07T16:21:05.868771Z","level":"info","event":"2     False","logger":"task.stdout"}
{"timestamp":"2026-09-07T16:21:05.868816Z","level":"info","event":"3      True","logger":"task.stdout"}
{"timestamp":"2026-09-07T16:21:05.868858Z","level":"info","event":"4     False","logger":"task.stdout"}
{"timestamp":"2026-09-07T16:21:05.868898Z","level":"info","event":"5     False","logger":"task.stdout"}
{"timestamp":"2026-09-07T16:21:05.868938Z","level":"info","event":"6     False","logger":"task.stdout"}
{"timestamp":"2026-09-07T16:21:05.868977Z","level":"info","event":"7      True","logger":"task.stdout"}
{"timestamp":"2026-09-07T16:21:05.869016Z","level":"info","event":"8     False","logger":"task.stdout"}
{"timestamp":"2026-09-07T16:21:05.869055Z","level":"info","event":"9     False","logger":"task.stdout"}
{"timestamp":"2026-09-07T16:21:05.869093Z","level":"info","event":"10    False","logger":"task.stdout"}
{"timestamp":"2026-09-07T16:21:05.869131Z","level":"info","event":"11     True","logger":"task.stdout"}
{"timestamp":"2026-09-07T16:21:05.869170Z","level":"info","event":"12    False","logger":"task.stdout"}
{"timestamp":"2026-09-07T16:21:05.869208Z","level":"info","event":"13    False","logger":"task.stdout"}
{"timestamp":"2026-09-07T16:21:05.869248Z","level":"info","event":"14    False","logger":"task.stdout"}
{"timestamp":"2026-09-07T16:21:05.869368Z","level":"info","event":"Name: category, dtype: bool","logger":"task.stdout"}
{"timestamp":"2026-09-07T16:21:05.868505Z","level":"info","event":"Done. Returned value was: None","logger":"airflow.task.operators.airflow.providers.standard.operators.python.PythonOperator","filename":"python.py","lineno":229}
