{"timestamp":"2026-08-25T18:59:04.715437Z","level":"info","event":"setup plugin alembic.autogenerate.schemas","logger":"alembic.runtime.plugins","filename":"plugins.py","lineno":37}
{"timestamp":"2026-08-25T18:59:04.715582Z","level":"info","event":"setup plugin alembic.autogenerate.tables","logger":"alembic.runtime.plugins","filename":"plugins.py","lineno":37}
{"timestamp":"2026-08-25T18:59:04.715628Z","level":"info","event":"setup plugin alembic.autogenerate.types","logger":"alembic.runtime.plugins","filename":"plugins.py","lineno":37}
{"timestamp":"2026-08-25T18:59:04.715664Z","level":"info","event":"setup plugin alembic.autogenerate.constraints","logger":"alembic.runtime.plugins","filename":"plugins.py","lineno":37}
{"timestamp":"2026-08-25T18:59:04.715699Z","level":"info","event":"setup plugin alembic.autogenerate.defaults","logger":"alembic.runtime.plugins","filename":"plugins.py","lineno":37}
{"timestamp":"2026-08-25T18:59:04.715732Z","level":"info","event":"setup plugin alembic.autogenerate.comments","logger":"alembic.runtime.plugins","filename":"plugins.py","lineno":37}
{"timestamp":"2026-08-25T18:59:04.797028Z","level":"info","event":"DAG bundles loaded: dags-folder","logger":"airflow.dag_processing.bundles.manager.DagBundlesManager","filename":"manager.py","lineno":209}
{"timestamp":"2026-08-25T18:59:04.797453Z","level":"info","event":"Filling up the DagBag from /Users/prse/PycharmProjects/Airflow_Prac/dags/Ladv7.py","logger":"airflow.dag_processing.dagbag.BundleDagBag","filename":"dagbag.py","lineno":469}
{"timestamp":"2026-08-25T18:59:05.248254Z","level":"info","event":"open status data is    True ticket_id customer_id  ... agent_id region satisfaction_score","logger":"task.stdout"}
{"timestamp":"2026-08-25T18:59:05.248443Z","level":"info","event":"0     0  TKT-1001    CUST-194  ...     A102  South                NaN","logger":"task.stdout"}
{"timestamp":"2026-08-25T18:59:05.248493Z","level":"info","event":"1     5  TKT-1006    CUST-111  ...     A103   East                NaN","logger":"task.stdout"}
{"timestamp":"2026-08-25T18:59:05.248534Z","level":"info","event":"2     6  TKT-1007    CUST-193  ...     A104  North                NaN","logger":"task.stdout"}
{"timestamp":"2026-08-25T18:59:05.248573Z","level":"info","event":"3    20  TKT-1021    CUST-146  ...     A101  South                NaN","logger":"task.stdout"}
{"timestamp":"2026-08-25T18:59:05.248613Z","level":"info","event":"4    21  TKT-1022    CUST-110  ...     A105  South                NaN","logger":"task.stdout"}
{"timestamp":"2026-08-25T18:59:05.248655Z","level":"info","event":"5    24  TKT-1025    CUST-175  ...     A105  South                NaN","logger":"task.stdout"}
{"timestamp":"2026-08-25T18:59:05.248691Z","level":"info","event":"6    25  TKT-1026    CUST-129  ...     A103  North                NaN","logger":"task.stdout"}
{"timestamp":"2026-08-25T18:59:05.248727Z","level":"info","event":"7    31  TKT-1032    CUST-196  ...     A104   West                NaN","logger":"task.stdout"}
{"timestamp":"2026-08-25T18:59:05.248763Z","level":"info","event":"8    36  TKT-1037    CUST-176  ...     A104  North                NaN","logger":"task.stdout"}
{"timestamp":"2026-08-25T18:59:05.248798Z","level":"info","event":"","logger":"task.stdout"}
{"timestamp":"2026-08-25T18:59:05.248861Z","level":"info","event":"[9 rows x 11 columns] and file_path is /Users/prse/PycharmProjects/Airflow_Prac/data/open.csv","logger":"task.stdout"}
{"timestamp":"2026-08-25T18:59:05.248144Z","level":"info","event":"Done. Returned value was: None","logger":"airflow.task.operators.airflow.providers.standard.decorators.python._PythonDecoratedOperator","filename":"python.py","lineno":229}
