{"timestamp":"2026-08-20T16:17:02.841842Z","level":"info","event":"setup plugin alembic.autogenerate.schemas","logger":"alembic.runtime.plugins","filename":"plugins.py","lineno":37}
{"timestamp":"2026-08-20T16:17:02.841990Z","level":"info","event":"setup plugin alembic.autogenerate.tables","logger":"alembic.runtime.plugins","filename":"plugins.py","lineno":37}
{"timestamp":"2026-08-20T16:17:02.842037Z","level":"info","event":"setup plugin alembic.autogenerate.types","logger":"alembic.runtime.plugins","filename":"plugins.py","lineno":37}
{"timestamp":"2026-08-20T16:17:02.842073Z","level":"info","event":"setup plugin alembic.autogenerate.constraints","logger":"alembic.runtime.plugins","filename":"plugins.py","lineno":37}
{"timestamp":"2026-08-20T16:17:02.842104Z","level":"info","event":"setup plugin alembic.autogenerate.defaults","logger":"alembic.runtime.plugins","filename":"plugins.py","lineno":37}
{"timestamp":"2026-08-20T16:17:02.842136Z","level":"info","event":"setup plugin alembic.autogenerate.comments","logger":"alembic.runtime.plugins","filename":"plugins.py","lineno":37}
{"timestamp":"2026-08-20T16:17:02.922929Z","level":"info","event":"DAG bundles loaded: dags-folder","logger":"airflow.dag_processing.bundles.manager.DagBundlesManager","filename":"manager.py","lineno":209}
{"timestamp":"2026-08-20T16:17:02.923315Z","level":"info","event":"Filling up the DagBag from /Users/prse/PycharmProjects/Airflow_Prac/dags/dag_prac6.py","logger":"airflow.dag_processing.dagbag.BundleDagBag","filename":"dagbag.py","lineno":469}
{"timestamp":"2026-08-20T16:17:03.343844Z","level":"info","event":"0     False","logger":"task.stdout"}
{"timestamp":"2026-08-20T16:17:03.344006Z","level":"info","event":"1     False","logger":"task.stdout"}
{"timestamp":"2026-08-20T16:17:03.344056Z","level":"info","event":"2     False","logger":"task.stdout"}
{"timestamp":"2026-08-20T16:17:03.344142Z","level":"info","event":"3     False","logger":"task.stdout"}
{"timestamp":"2026-08-20T16:17:03.344180Z","level":"info","event":"4     False","logger":"task.stdout"}
{"timestamp":"2026-08-20T16:17:03.344217Z","level":"info","event":"5     False","logger":"task.stdout"}
{"timestamp":"2026-08-20T16:17:03.344253Z","level":"info","event":"6      True","logger":"task.stdout"}
{"timestamp":"2026-08-20T16:17:03.344288Z","level":"info","event":"7     False","logger":"task.stdout"}
{"timestamp":"2026-08-20T16:17:03.344324Z","level":"info","event":"8     False","logger":"task.stdout"}
{"timestamp":"2026-08-20T16:17:03.344359Z","level":"info","event":"9      True","logger":"task.stdout"}
{"timestamp":"2026-08-20T16:17:03.344393Z","level":"info","event":"10    False","logger":"task.stdout"}
{"timestamp":"2026-08-20T16:17:03.344427Z","level":"info","event":"11    False","logger":"task.stdout"}
{"timestamp":"2026-08-20T16:17:03.344462Z","level":"info","event":"12    False","logger":"task.stdout"}
{"timestamp":"2026-08-20T16:17:03.344496Z","level":"info","event":"13     True","logger":"task.stdout"}
{"timestamp":"2026-08-20T16:17:03.344530Z","level":"info","event":"14    False","logger":"task.stdout"}
{"timestamp":"2026-08-20T16:17:03.344563Z","level":"info","event":"Name: category, dtype: bool","logger":"task.stdout"}
{"timestamp":"2026-08-20T16:17:03.343788Z","level":"info","event":"Done. Returned value was: None","logger":"airflow.task.operators.airflow.providers.standard.operators.python.PythonOperator","filename":"python.py","lineno":229}
