{"timestamp":"2026-08-20T16:12:28.572297Z","level":"info","event":"setup plugin alembic.autogenerate.schemas","logger":"alembic.runtime.plugins","filename":"plugins.py","lineno":37}
{"timestamp":"2026-08-20T16:12:28.572465Z","level":"info","event":"setup plugin alembic.autogenerate.tables","logger":"alembic.runtime.plugins","filename":"plugins.py","lineno":37}
{"timestamp":"2026-08-20T16:12:28.572507Z","level":"info","event":"setup plugin alembic.autogenerate.types","logger":"alembic.runtime.plugins","filename":"plugins.py","lineno":37}
{"timestamp":"2026-08-20T16:12:28.572545Z","level":"info","event":"setup plugin alembic.autogenerate.constraints","logger":"alembic.runtime.plugins","filename":"plugins.py","lineno":37}
{"timestamp":"2026-08-20T16:12:28.572578Z","level":"info","event":"setup plugin alembic.autogenerate.defaults","logger":"alembic.runtime.plugins","filename":"plugins.py","lineno":37}
{"timestamp":"2026-08-20T16:12:28.572610Z","level":"info","event":"setup plugin alembic.autogenerate.comments","logger":"alembic.runtime.plugins","filename":"plugins.py","lineno":37}
{"timestamp":"2026-08-20T16:12:28.696886Z","level":"info","event":"DAG bundles loaded: dags-folder","logger":"airflow.dag_processing.bundles.manager.DagBundlesManager","filename":"manager.py","lineno":209}
{"timestamp":"2026-08-20T16:12:28.697304Z","level":"info","event":"Filling up the DagBag from /Users/prse/PycharmProjects/Airflow_Prac/dags/dag_prac6.py","logger":"airflow.dag_processing.dagbag.BundleDagBag","filename":"dagbag.py","lineno":469}
{"timestamp":"2026-08-20T16:12:29.162815Z","level":"info","event":"0      True","logger":"task.stdout"}
{"timestamp":"2026-08-20T16:12:29.163033Z","level":"info","event":"1      True","logger":"task.stdout"}
{"timestamp":"2026-08-20T16:12:29.163106Z","level":"info","event":"2      True","logger":"task.stdout"}
{"timestamp":"2026-08-20T16:12:29.163151Z","level":"info","event":"3     False","logger":"task.stdout"}
{"timestamp":"2026-08-20T16:12:29.163212Z","level":"info","event":"4      True","logger":"task.stdout"}
{"timestamp":"2026-08-20T16:12:29.163249Z","level":"info","event":"5      True","logger":"task.stdout"}
{"timestamp":"2026-08-20T16:12:29.163287Z","level":"info","event":"6     False","logger":"task.stdout"}
{"timestamp":"2026-08-20T16:12:29.163326Z","level":"info","event":"7     False","logger":"task.stdout"}
{"timestamp":"2026-08-20T16:12:29.163363Z","level":"info","event":"8      True","logger":"task.stdout"}
{"timestamp":"2026-08-20T16:12:29.163399Z","level":"info","event":"9     False","logger":"task.stdout"}
{"timestamp":"2026-08-20T16:12:29.163434Z","level":"info","event":"10     True","logger":"task.stdout"}
{"timestamp":"2026-08-20T16:12:29.163469Z","level":"info","event":"11    False","logger":"task.stdout"}
{"timestamp":"2026-08-20T16:12:29.163506Z","level":"info","event":"12     True","logger":"task.stdout"}
{"timestamp":"2026-08-20T16:12:29.163540Z","level":"info","event":"13    False","logger":"task.stdout"}
{"timestamp":"2026-08-20T16:12:29.163575Z","level":"info","event":"14     True","logger":"task.stdout"}
{"timestamp":"2026-08-20T16:12:29.163610Z","level":"info","event":"Name: category, dtype: bool","logger":"task.stdout"}
{"timestamp":"2026-08-20T16:12:29.162747Z","level":"info","event":"Done. Returned value was: None","logger":"airflow.task.operators.airflow.providers.standard.operators.python.PythonOperator","filename":"python.py","lineno":229}
