{"timestamp":"2026-08-20T16:12:44.831241Z","level":"info","event":"setup plugin alembic.autogenerate.schemas","logger":"alembic.runtime.plugins","filename":"plugins.py","lineno":37}
{"timestamp":"2026-08-20T16:12:44.831388Z","level":"info","event":"setup plugin alembic.autogenerate.tables","logger":"alembic.runtime.plugins","filename":"plugins.py","lineno":37}
{"timestamp":"2026-08-20T16:12:44.831434Z","level":"info","event":"setup plugin alembic.autogenerate.types","logger":"alembic.runtime.plugins","filename":"plugins.py","lineno":37}
{"timestamp":"2026-08-20T16:12:44.831472Z","level":"info","event":"setup plugin alembic.autogenerate.constraints","logger":"alembic.runtime.plugins","filename":"plugins.py","lineno":37}
{"timestamp":"2026-08-20T16:12:44.831508Z","level":"info","event":"setup plugin alembic.autogenerate.defaults","logger":"alembic.runtime.plugins","filename":"plugins.py","lineno":37}
{"timestamp":"2026-08-20T16:12:44.831539Z","level":"info","event":"setup plugin alembic.autogenerate.comments","logger":"alembic.runtime.plugins","filename":"plugins.py","lineno":37}
{"timestamp":"2026-08-20T16:12:44.922985Z","level":"info","event":"DAG bundles loaded: dags-folder","logger":"airflow.dag_processing.bundles.manager.DagBundlesManager","filename":"manager.py","lineno":209}
{"timestamp":"2026-08-20T16:12:44.923415Z","level":"info","event":"Filling up the DagBag from /Users/prse/PycharmProjects/Airflow_Prac/dags/dag_prac6.py","logger":"airflow.dag_processing.dagbag.BundleDagBag","filename":"dagbag.py","lineno":469}
{"timestamp":"2026-08-20T16:12:45.352811Z","level":"info","event":"0     False","logger":"task.stdout"}
{"timestamp":"2026-08-20T16:12:45.353113Z","level":"info","event":"1     False","logger":"task.stdout"}
{"timestamp":"2026-08-20T16:12:45.353177Z","level":"info","event":"2     False","logger":"task.stdout"}
{"timestamp":"2026-08-20T16:12:45.353218Z","level":"info","event":"3      True","logger":"task.stdout"}
{"timestamp":"2026-08-20T16:12:45.353256Z","level":"info","event":"4     False","logger":"task.stdout"}
{"timestamp":"2026-08-20T16:12:45.353293Z","level":"info","event":"5     False","logger":"task.stdout"}
{"timestamp":"2026-08-20T16:12:45.353330Z","level":"info","event":"6     False","logger":"task.stdout"}
{"timestamp":"2026-08-20T16:12:45.353386Z","level":"info","event":"7      True","logger":"task.stdout"}
{"timestamp":"2026-08-20T16:12:45.353424Z","level":"info","event":"8     False","logger":"task.stdout"}
{"timestamp":"2026-08-20T16:12:45.353460Z","level":"info","event":"9     False","logger":"task.stdout"}
{"timestamp":"2026-08-20T16:12:45.353540Z","level":"info","event":"10    False","logger":"task.stdout"}
{"timestamp":"2026-08-20T16:12:45.353616Z","level":"info","event":"11     True","logger":"task.stdout"}
{"timestamp":"2026-08-20T16:12:45.353661Z","level":"info","event":"12    False","logger":"task.stdout"}
{"timestamp":"2026-08-20T16:12:45.353700Z","level":"info","event":"13    False","logger":"task.stdout"}
{"timestamp":"2026-08-20T16:12:45.353738Z","level":"info","event":"14    False","logger":"task.stdout"}
{"timestamp":"2026-08-20T16:12:45.353774Z","level":"info","event":"Name: category, dtype: bool","logger":"task.stdout"}
{"timestamp":"2026-08-20T16:12:45.352934Z","level":"info","event":"Done. Returned value was: None","logger":"airflow.task.operators.airflow.providers.standard.operators.python.PythonOperator","filename":"python.py","lineno":229}
