{"timestamp":"2026-09-07T16:20:28.566074Z","level":"info","event":"setup plugin alembic.autogenerate.schemas","logger":"alembic.runtime.plugins","filename":"plugins.py","lineno":37}
{"timestamp":"2026-09-07T16:20:28.566222Z","level":"info","event":"setup plugin alembic.autogenerate.tables","logger":"alembic.runtime.plugins","filename":"plugins.py","lineno":37}
{"timestamp":"2026-09-07T16:20:28.566266Z","level":"info","event":"setup plugin alembic.autogenerate.types","logger":"alembic.runtime.plugins","filename":"plugins.py","lineno":37}
{"timestamp":"2026-09-07T16:20:28.566303Z","level":"info","event":"setup plugin alembic.autogenerate.constraints","logger":"alembic.runtime.plugins","filename":"plugins.py","lineno":37}
{"timestamp":"2026-09-07T16:20:28.566337Z","level":"info","event":"setup plugin alembic.autogenerate.defaults","logger":"alembic.runtime.plugins","filename":"plugins.py","lineno":37}
{"timestamp":"2026-09-07T16:20:28.566368Z","level":"info","event":"setup plugin alembic.autogenerate.comments","logger":"alembic.runtime.plugins","filename":"plugins.py","lineno":37}
{"timestamp":"2026-09-07T16:20:28.653022Z","level":"info","event":"DAG bundles loaded: dags-folder","logger":"airflow.dag_processing.bundles.manager.DagBundlesManager","filename":"manager.py","lineno":209}
{"timestamp":"2026-09-07T16:20:28.653465Z","level":"info","event":"Filling up the DagBag from /Users/prse/PycharmProjects/Airflow_Prac/dags/Ladv8.py","logger":"airflow.dag_processing.dagbag.BundleDagBag","filename":"dagbag.py","lineno":469}
{"timestamp":"2026-09-07T16:20:29.124067Z","level":"info","event":"   ticket_id customer_id   category  ... agent_id   region satisfaction_score","logger":"task.stdout"}
{"timestamp":"2026-09-07T16:20:29.124264Z","level":"info","event":"0   TKT-1001    CUST-194    Account  ...     A102    South                NaN","logger":"task.stdout"}
{"timestamp":"2026-09-07T16:20:29.124321Z","level":"info","event":"1   TKT-1002    CUST-111    Product  ...     A101    North                NaN","logger":"task.stdout"}
{"timestamp":"2026-09-07T16:20:29.124365Z","level":"info","event":"2   TKT-1003    CUST-164    Product  ...     A105    South                NaN","logger":"task.stdout"}
{"timestamp":"2026-09-07T16:20:29.124406Z","level":"info","event":"3   TKT-1004    CUST-153  Technical  ...     A105     East                NaN","logger":"task.stdout"}
{"timestamp":"2026-09-07T16:20:29.124443Z","level":"info","event":"4   TKT-1005    CUST-189   Shipping  ...     A103    South                NaN","logger":"task.stdout"}
{"timestamp":"2026-09-07T16:20:29.124479Z","level":"info","event":"5   TKT-1006    CUST-111   Shipping  ...     A103     East                NaN","logger":"task.stdout"}
{"timestamp":"2026-09-07T16:20:29.124538Z","level":"info","event":"6   TKT-1007    CUST-193   Shipping  ...     A104    North                NaN","logger":"task.stdout"}
{"timestamp":"2026-09-07T16:20:29.124575Z","level":"info","event":"7   TKT-1008    CUST-146    Product  ...     A106    North                NaN","logger":"task.stdout"}
{"timestamp":"2026-09-07T16:20:29.124610Z","level":"info","event":"8   TKT-1009    CUST-198    Account  ...     A102    North                NaN","logger":"task.stdout"}
{"timestamp":"2026-09-07T16:20:29.124645Z","level":"info","event":"9   TKT-1010    CUST-120    Account  ...     A102     East                1.0","logger":"task.stdout"}
{"timestamp":"2026-09-07T16:20:29.124683Z","level":"info","event":"10  TKT-1011    CUST-168  Technical  ...     A104     West                NaN","logger":"task.stdout"}
{"timestamp":"2026-09-07T16:20:29.124718Z","level":"info","event":"11  TKT-1012    CUST-128    Account  ...     A102    North                NaN","logger":"task.stdout"}
{"timestamp":"2026-09-07T16:20:29.124754Z","level":"info","event":"12  TKT-1013    CUST-108  Technical  ...     A102     West                4.0","logger":"task.stdout"}
{"timestamp":"2026-09-07T16:20:29.124788Z","level":"info","event":"13  TKT-1014    CUST-133  Technical  ...     A106  Central                5.0","logger":"task.stdout"}
{"timestamp":"2026-09-07T16:20:29.124822Z","level":"info","event":"14  TKT-1015    CUST-154    Product  ...     A103    South                NaN","logger":"task.stdout"}
{"timestamp":"2026-09-07T16:20:29.124863Z","level":"info","event":"15  TKT-1016    CUST-196    Billing  ...     A102    South                4.0","logger":"task.stdout"}
{"timestamp":"2026-09-07T16:20:29.124896Z","level":"info","event":"16  TKT-1017    CUST-176   Shipping  ...     A105    North                1.0","logger":"task.stdout"}
{"timestamp":"2026-09-07T16:20:29.124930Z","level":"info","event":"17  TKT-1018    CUST-114    Account  ...     A102     West                1.0","logger":"task.stdout"}
{"timestamp":"2026-09-07T16:20:29.124963Z","level":"info","event":"18  TKT-1019    CUST-197  Technical  ...     A106     East                5.0","logger":"task.stdout"}
{"timestamp":"2026-09-07T16:20:29.124996Z","level":"info","event":"19  TKT-1020    CUST-147  Technical  ...     A105     East                NaN","logger":"task.stdout"}
{"timestamp":"2026-09-07T16:20:29.125029Z","level":"info","event":"20  TKT-1021    CUST-146    Account  ...     A101    South                NaN","logger":"task.stdout"}
{"timestamp":"2026-09-07T16:20:29.125063Z","level":"info","event":"21  TKT-1022    CUST-110   Shipping  ...     A105    South                NaN","logger":"task.stdout"}
{"timestamp":"2026-09-07T16:20:29.125096Z","level":"info","event":"22  TKT-1023    CUST-121    Account  ...     A102  Central                2.0","logger":"task.stdout"}
{"timestamp":"2026-09-07T16:20:29.125130Z","level":"info","event":"23  TKT-1024    CUST-156    Product  ...     A101    South                2.0","logger":"task.stdout"}
{"timestamp":"2026-09-07T16:20:29.125163Z","level":"info","event":"24  TKT-1025    CUST-175    Product  ...     A105    South                NaN","logger":"task.stdout"}
{"timestamp":"2026-09-07T16:20:29.125197Z","level":"info","event":"25  TKT-1026    CUST-129    Billing  ...     A103    North                NaN","logger":"task.stdout"}
{"timestamp":"2026-09-07T16:20:29.125231Z","level":"info","event":"26  TKT-1027    CUST-127    Product  ...     A106  Central                5.0","logger":"task.stdout"}
{"timestamp":"2026-09-07T16:20:29.125264Z","level":"info","event":"27  TKT-1028    CUST-124    Billing  ...     A106     West                3.0","logger":"task.stdout"}
{"timestamp":"2026-09-07T16:20:29.125298Z","level":"info","event":"28  TKT-1029    CUST-186    Billing  ...     A104     East                1.0","logger":"task.stdout"}
{"timestamp":"2026-09-07T16:20:29.125332Z","level":"info","event":"29  TKT-1030    CUST-168   Shipping  ...     A104    South                NaN","logger":"task.stdout"}
{"timestamp":"2026-09-07T16:20:29.125375Z","level":"info","event":"30  TKT-1031    CUST-109   Shipping  ...     A101  Central                NaN","logger":"task.stdout"}
{"timestamp":"2026-09-07T16:20:29.125408Z","level":"info","event":"31  TKT-1032    CUST-196  Technical  ...     A104     West                NaN","logger":"task.stdout"}
{"timestamp":"2026-09-07T16:20:29.125461Z","level":"info","event":"32  TKT-1033    CUST-121   Shipping  ...     A104     East                4.0","logger":"task.stdout"}
{"timestamp":"2026-09-07T16:20:29.125495Z","level":"info","event":"33  TKT-1034    CUST-184   Shipping  ...     A102     East                NaN","logger":"task.stdout"}
{"timestamp":"2026-09-07T16:20:29.125538Z","level":"info","event":"34  TKT-1035    CUST-194    Product  ...     A106     East                NaN","logger":"task.stdout"}
{"timestamp":"2026-09-07T16:20:29.125574Z","level":"info","event":"35  TKT-1036    CUST-161    Product  ...     A101  Central                NaN","logger":"task.stdout"}
{"timestamp":"2026-09-07T16:20:29.125608Z","level":"info","event":"36  TKT-1037    CUST-176    Billing  ...     A104    North                NaN","logger":"task.stdout"}
{"timestamp":"2026-09-07T16:20:29.125641Z","level":"info","event":"37  TKT-1038    CUST-174    Product  ...     A105    North                NaN","logger":"task.stdout"}
{"timestamp":"2026-09-07T16:20:29.125673Z","level":"info","event":"38  TKT-1039    CUST-172    Product  ...     A103    South                NaN","logger":"task.stdout"}
{"timestamp":"2026-09-07T16:20:29.125712Z","level":"info","event":"39  TKT-1040    CUST-133   Shipping  ...     A106     East                4.0","logger":"task.stdout"}
{"timestamp":"2026-09-07T16:20:29.125745Z","level":"info","event":"","logger":"task.stdout"}
{"timestamp":"2026-09-07T16:20:29.125780Z","level":"info","event":"[40 rows x 10 columns]","logger":"task.stdout"}
{"timestamp":"2026-09-07T16:20:29.128097Z","level":"info","event":"Done. Returned value was: /Users/prse/PycharmProjects/Airflow_Prac/data/cleaned_step.csv","logger":"airflow.task.operators.airflow.providers.standard.decorators.python._PythonDecoratedOperator","filename":"python.py","lineno":229}
{"timestamp":"2026-09-07T16:20:29.128234Z","level":"info","event":"Pushing xcom","ti":"RuntimeTaskInstance(id=UUID('01a07cab-12f3-7a39-982c-0a2c9a2fb079'), task_id='clean', dag_id='full_taskflow_logic', run_id='scheduled__2026-08-26T00:00:00+00:00', try_number=1, dag_version_id=UUID('01a03a46-6b84-739f-96ca-6f29b35111c5'), map_index=-1, hostname='priyankas-macbook-air.home', context_carrier={'traceparent': '00-006710044818cee9a3dfdae063ee7ada-92e15c1cc3007fa1-01'}, task=<Task(_PythonDecoratedOperator): clean>, bundle_instance=LocalDagBundle(name=dags-folder), max_tries=2, start_date=datetime.datetime(2026, 9, 7, 16, 20, 28, 342942, tzinfo=datetime.timezone.utc), end_date=None, state=<TaskInstanceState.RUNNING: 'running'>, is_mapped=False, rendered_map_index=None, sentry_integration='')","logger":"task","filename":"task_runner.py","lineno":1724}
