{"timestamp":"2026-08-21T13:07:21.792806Z","level":"info","event":"setup plugin alembic.autogenerate.schemas","logger":"alembic.runtime.plugins","filename":"plugins.py","lineno":37}
{"timestamp":"2026-08-21T13:07:21.792954Z","level":"info","event":"setup plugin alembic.autogenerate.tables","logger":"alembic.runtime.plugins","filename":"plugins.py","lineno":37}
{"timestamp":"2026-08-21T13:07:21.792999Z","level":"info","event":"setup plugin alembic.autogenerate.types","logger":"alembic.runtime.plugins","filename":"plugins.py","lineno":37}
{"timestamp":"2026-08-21T13:07:21.793041Z","level":"info","event":"setup plugin alembic.autogenerate.constraints","logger":"alembic.runtime.plugins","filename":"plugins.py","lineno":37}
{"timestamp":"2026-08-21T13:07:21.793076Z","level":"info","event":"setup plugin alembic.autogenerate.defaults","logger":"alembic.runtime.plugins","filename":"plugins.py","lineno":37}
{"timestamp":"2026-08-21T13:07:21.793107Z","level":"info","event":"setup plugin alembic.autogenerate.comments","logger":"alembic.runtime.plugins","filename":"plugins.py","lineno":37}
{"timestamp":"2026-08-21T13:07:21.881642Z","level":"info","event":"DAG bundles loaded: dags-folder","logger":"airflow.dag_processing.bundles.manager.DagBundlesManager","filename":"manager.py","lineno":209}
{"timestamp":"2026-08-21T13:07:21.882073Z","level":"info","event":"Filling up the DagBag from /Users/prse/PycharmProjects/Airflow_Prac/dags/dag_prac6.py","logger":"airflow.dag_processing.dagbag.BundleDagBag","filename":"dagbag.py","lineno":469}
{"timestamp":"2026-08-21T13:07:22.297656Z","level":"info","event":"0     False","logger":"task.stdout"}
{"timestamp":"2026-08-21T13:07:22.297872Z","level":"info","event":"1     False","logger":"task.stdout"}
{"timestamp":"2026-08-21T13:07:22.297923Z","level":"info","event":"2     False","logger":"task.stdout"}
{"timestamp":"2026-08-21T13:07:22.297970Z","level":"info","event":"3      True","logger":"task.stdout"}
{"timestamp":"2026-08-21T13:07:22.298013Z","level":"info","event":"4     False","logger":"task.stdout"}
{"timestamp":"2026-08-21T13:07:22.298054Z","level":"info","event":"5     False","logger":"task.stdout"}
{"timestamp":"2026-08-21T13:07:22.298095Z","level":"info","event":"6     False","logger":"task.stdout"}
{"timestamp":"2026-08-21T13:07:22.298135Z","level":"info","event":"7      True","logger":"task.stdout"}
{"timestamp":"2026-08-21T13:07:22.298174Z","level":"info","event":"8     False","logger":"task.stdout"}
{"timestamp":"2026-08-21T13:07:22.298214Z","level":"info","event":"9     False","logger":"task.stdout"}
{"timestamp":"2026-08-21T13:07:22.298253Z","level":"info","event":"10    False","logger":"task.stdout"}
{"timestamp":"2026-08-21T13:07:22.298296Z","level":"info","event":"11     True","logger":"task.stdout"}
{"timestamp":"2026-08-21T13:07:22.298337Z","level":"info","event":"12    False","logger":"task.stdout"}
{"timestamp":"2026-08-21T13:07:22.298375Z","level":"info","event":"13    False","logger":"task.stdout"}
{"timestamp":"2026-08-21T13:07:22.298416Z","level":"info","event":"14    False","logger":"task.stdout"}
{"timestamp":"2026-08-21T13:07:22.298457Z","level":"info","event":"Name: category, dtype: bool","logger":"task.stdout"}
{"timestamp":"2026-08-21T13:07:22.297571Z","level":"info","event":"Done. Returned value was: None","logger":"airflow.task.operators.airflow.providers.standard.operators.python.PythonOperator","filename":"python.py","lineno":229}
