{"timestamp":"2026-08-23T23:37:46.100280Z","level":"info","event":"setup plugin alembic.autogenerate.schemas","logger":"alembic.runtime.plugins","filename":"plugins.py","lineno":37}
{"timestamp":"2026-08-23T23:37:46.100423Z","level":"info","event":"setup plugin alembic.autogenerate.tables","logger":"alembic.runtime.plugins","filename":"plugins.py","lineno":37}
{"timestamp":"2026-08-23T23:37:46.100466Z","level":"info","event":"setup plugin alembic.autogenerate.types","logger":"alembic.runtime.plugins","filename":"plugins.py","lineno":37}
{"timestamp":"2026-08-23T23:37:46.100502Z","level":"info","event":"setup plugin alembic.autogenerate.constraints","logger":"alembic.runtime.plugins","filename":"plugins.py","lineno":37}
{"timestamp":"2026-08-23T23:37:46.100536Z","level":"info","event":"setup plugin alembic.autogenerate.defaults","logger":"alembic.runtime.plugins","filename":"plugins.py","lineno":37}
{"timestamp":"2026-08-23T23:37:46.100567Z","level":"info","event":"setup plugin alembic.autogenerate.comments","logger":"alembic.runtime.plugins","filename":"plugins.py","lineno":37}
{"timestamp":"2026-08-23T23:37:46.180472Z","level":"info","event":"DAG bundles loaded: dags-folder","logger":"airflow.dag_processing.bundles.manager.DagBundlesManager","filename":"manager.py","lineno":209}
{"timestamp":"2026-08-23T23:37:46.180863Z","level":"info","event":"Filling up the DagBag from /Users/prse/PycharmProjects/Airflow_Prac/dags/dag_prac6.py","logger":"airflow.dag_processing.dagbag.BundleDagBag","filename":"dagbag.py","lineno":469}
{"timestamp":"2026-08-23T23:37:46.595965Z","level":"info","event":"0     False","logger":"task.stdout"}
{"timestamp":"2026-08-23T23:37:46.596166Z","level":"info","event":"1     False","logger":"task.stdout"}
{"timestamp":"2026-08-23T23:37:46.596223Z","level":"info","event":"2     False","logger":"task.stdout"}
{"timestamp":"2026-08-23T23:37:46.596289Z","level":"info","event":"3     False","logger":"task.stdout"}
{"timestamp":"2026-08-23T23:37:46.596334Z","level":"info","event":"4     False","logger":"task.stdout"}
{"timestamp":"2026-08-23T23:37:46.596376Z","level":"info","event":"5     False","logger":"task.stdout"}
{"timestamp":"2026-08-23T23:37:46.596417Z","level":"info","event":"6      True","logger":"task.stdout"}
{"timestamp":"2026-08-23T23:37:46.596480Z","level":"info","event":"7     False","logger":"task.stdout"}
{"timestamp":"2026-08-23T23:37:46.596522Z","level":"info","event":"8     False","logger":"task.stdout"}
{"timestamp":"2026-08-23T23:37:46.596560Z","level":"info","event":"9      True","logger":"task.stdout"}
{"timestamp":"2026-08-23T23:37:46.596599Z","level":"info","event":"10    False","logger":"task.stdout"}
{"timestamp":"2026-08-23T23:37:46.596637Z","level":"info","event":"11    False","logger":"task.stdout"}
{"timestamp":"2026-08-23T23:37:46.596676Z","level":"info","event":"12    False","logger":"task.stdout"}
{"timestamp":"2026-08-23T23:37:46.596714Z","level":"info","event":"13     True","logger":"task.stdout"}
{"timestamp":"2026-08-23T23:37:46.596752Z","level":"info","event":"14    False","logger":"task.stdout"}
{"timestamp":"2026-08-23T23:37:46.596790Z","level":"info","event":"Name: category, dtype: bool","logger":"task.stdout"}
{"timestamp":"2026-08-23T23:37:46.595917Z","level":"info","event":"Done. Returned value was: None","logger":"airflow.task.operators.airflow.providers.standard.operators.python.PythonOperator","filename":"python.py","lineno":229}
